<?xml version="1.0" encoding="ISO-8859-1" ?>
<link_info>
   <banner>MSP430 Linker PC v18.12.8.LTS</banner>
   <copyright>Copyright (c) 2003-2018 Texas Instruments Incorporated</copyright>
   <link_time>0x62239a6c</link_time>
   <link_errors>0x4</link_errors>
   <output_file>BMM150-magnetometer-reader2.out</output_file>
   <entry_point>
      <name>_c_int00_noargs</name>
      <address>0x454a</address>
   </entry_point>
   <input_file_list>
      <input_file id="fl-2">
         <path>.\</path>
         <kind>object</kind>
         <file>main.obj</file>
         <name>main.obj</name>
      </input_file>
      <input_file id="fl-3">
         <path>.\JTOK\src\</path>
         <kind>object</kind>
         <file>jtok.obj</file>
         <name>jtok.obj</name>
      </input_file>
      <input_file id="fl-4">
         <path>.\JTOK\src\</path>
         <kind>object</kind>
         <file>jtok_array.obj</file>
         <name>jtok_array.obj</name>
      </input_file>
      <input_file id="fl-5">
         <path>.\JTOK\src\</path>
         <kind>object</kind>
         <file>jtok_object.obj</file>
         <name>jtok_object.obj</name>
      </input_file>
      <input_file id="fl-6">
         <path>.\JTOK\src\</path>
         <kind>object</kind>
         <file>jtok_primitive.obj</file>
         <name>jtok_primitive.obj</name>
      </input_file>
      <input_file id="fl-7">
         <path>.\JTOK\src\</path>
         <kind>object</kind>
         <file>jtok_shared.obj</file>
         <name>jtok_shared.obj</name>
      </input_file>
      <input_file id="fl-8">
         <path>.\JTOK\src\</path>
         <kind>object</kind>
         <file>jtok_string.obj</file>
         <name>jtok_string.obj</name>
      </input_file>
      <input_file id="fl-9">
         <path>.\bufferlib\src\</path>
         <kind>object</kind>
         <file>bufferlib.obj</file>
         <name>bufferlib.obj</name>
      </input_file>
      <input_file id="fl-a">
         <path>.\bufferlib\src\</path>
         <kind>object</kind>
         <file>ringbuf.obj</file>
         <name>ringbuf.obj</name>
      </input_file>
      <input_file id="fl-b">
         <path>.\injection_api\src\</path>
         <kind>object</kind>
         <file>callback.obj</file>
         <name>callback.obj</name>
      </input_file>
      <input_file id="fl-c">
         <path>.\injection_api\src\</path>
         <kind>object</kind>
         <file>injection_api.obj</file>
         <name>injection_api.obj</name>
      </input_file>
      <input_file id="fl-d">
         <path>.\layer-core\src\</path>
         <kind>object</kind>
         <file>imu.obj</file>
         <name>imu.obj</name>
      </input_file>
      <input_file id="fl-e">
         <path>.\layer-core\src\</path>
         <kind>object</kind>
         <file>indicator_led.obj</file>
         <name>indicator_led.obj</name>
      </input_file>
      <input_file id="fl-f">
         <path>.\layer-core\src\</path>
         <kind>object</kind>
         <file>jsons.obj</file>
         <name>jsons.obj</name>
      </input_file>
      <input_file id="fl-10">
         <path>.\layer-core\src\</path>
         <kind>object</kind>
         <file>magnetometer.obj</file>
         <name>magnetometer.obj</name>
      </input_file>
      <input_file id="fl-11">
         <path>.\layer-core\src\</path>
         <kind>object</kind>
         <file>magnetorquers.obj</file>
         <name>magnetorquers.obj</name>
      </input_file>
      <input_file id="fl-12">
         <path>.\layer-core\src\</path>
         <kind>object</kind>
         <file>obc_interface.obj</file>
         <name>obc_interface.obj</name>
      </input_file>
      <input_file id="fl-13">
         <path>.\layer-core\src\</path>
         <kind>object</kind>
         <file>reaction_wheels.obj</file>
         <name>reaction_wheels.obj</name>
      </input_file>
      <input_file id="fl-14">
         <path>.\layer-core\src\</path>
         <kind>object</kind>
         <file>sun_sensors.obj</file>
         <name>sun_sensors.obj</name>
      </input_file>
      <input_file id="fl-15">
         <path>.\layer-core\src\</path>
         <kind>object</kind>
         <file>test.obj</file>
         <name>test.obj</name>
      </input_file>
      <input_file id="fl-16">
         <path>.\layer-devices\src\</path>
         <kind>object</kind>
         <file>ads7841e.obj</file>
         <name>ads7841e.obj</name>
      </input_file>
      <input_file id="fl-17">
         <path>.\layer-devices\src\</path>
         <kind>object</kind>
         <file>bmi160.obj</file>
         <name>bmi160.obj</name>
      </input_file>
      <input_file id="fl-18">
         <path>.\layer-devices\src\</path>
         <kind>object</kind>
         <file>bmm150.obj</file>
         <name>bmm150.obj</name>
      </input_file>
      <input_file id="fl-19">
         <path>.\layer-devices\src\</path>
         <kind>object</kind>
         <file>bno055.obj</file>
         <name>bno055.obj</name>
      </input_file>
      <input_file id="fl-1a">
         <path>.\layer-devices\src\</path>
         <kind>object</kind>
         <file>bno055_support.obj</file>
         <name>bno055_support.obj</name>
      </input_file>
      <input_file id="fl-1b">
         <path>.\layer-drivers\src\</path>
         <kind>object</kind>
         <file>i2c_b1.obj</file>
         <name>i2c_b1.obj</name>
      </input_file>
      <input_file id="fl-1c">
         <path>.\layer-drivers\src\</path>
         <kind>object</kind>
         <file>mcu.obj</file>
         <name>mcu.obj</name>
      </input_file>
      <input_file id="fl-1d">
         <path>.\layer-drivers\src\</path>
         <kind>object</kind>
         <file>spi.obj</file>
         <name>spi.obj</name>
      </input_file>
      <input_file id="fl-1e">
         <path>.\layer-drivers\src\</path>
         <kind>object</kind>
         <file>timer_a.obj</file>
         <name>timer_a.obj</name>
      </input_file>
      <input_file id="fl-1f">
         <path>.\layer-drivers\src\</path>
         <kind>object</kind>
         <file>uart.obj</file>
         <name>uart.obj</name>
      </input_file>
      <input_file id="fl-20">
         <path>.\layer-drivers\src\</path>
         <kind>object</kind>
         <file>watchdog.obj</file>
         <name>watchdog.obj</name>
      </input_file>
      <input_file id="fl-26">
         <kind>object</kind>
         <file>&lt;internal&gt;</file>
         <name>&lt;internal&gt;</name>
      </input_file>
      <input_file id="fl-41">
         <path>X:\CCS10.3.1.00003_win64\features\lib\</path>
         <kind>archive</kind>
         <file>rts430x_lc_rd_eabi.lib</file>
         <name>printf.c.obj</name>
      </input_file>
      <input_file id="fl-42">
         <path>X:\CCS10.3.1.00003_win64\features\lib\</path>
         <kind>archive</kind>
         <file>rts430x_lc_rd_eabi.lib</file>
         <name>_printfi.c.obj</name>
      </input_file>
      <input_file id="fl-43">
         <path>X:\CCS10.3.1.00003_win64\features\lib\</path>
         <kind>archive</kind>
         <file>rts430x_lc_rd_eabi.lib</file>
         <name>snprintf.c.obj</name>
      </input_file>
      <input_file id="fl-44">
         <path>X:\CCS10.3.1.00003_win64\features\lib\</path>
         <kind>archive</kind>
         <file>rts430x_lc_rd_eabi.lib</file>
         <name>vsnprintf.c.obj</name>
      </input_file>
      <input_file id="fl-45">
         <path>X:\CCS10.3.1.00003_win64\features\lib\</path>
         <kind>archive</kind>
         <file>rts430x_lc_rd_eabi.lib</file>
         <name>fputc.c.obj</name>
      </input_file>
      <input_file id="fl-46">
         <path>X:\CCS10.3.1.00003_win64\features\lib\</path>
         <kind>archive</kind>
         <file>rts430x_lc_rd_eabi.lib</file>
         <name>fputs.c.obj</name>
      </input_file>
      <input_file id="fl-47">
         <path>X:\CCS10.3.1.00003_win64\features\lib\</path>
         <kind>archive</kind>
         <file>rts430x_lc_rd_eabi.lib</file>
         <name>_io_perm.c.obj</name>
      </input_file>
      <input_file id="fl-48">
         <path>X:\CCS10.3.1.00003_win64\features\lib\</path>
         <kind>archive</kind>
         <file>rts430x_lc_rd_eabi.lib</file>
         <name>setvbuf.c.obj</name>
      </input_file>
      <input_file id="fl-49">
         <path>X:\CCS10.3.1.00003_win64\features\lib\</path>
         <kind>archive</kind>
         <file>rts430x_lc_rd_eabi.lib</file>
         <name>wcslen.c.obj</name>
      </input_file>
      <input_file id="fl-4a">
         <path>X:\CCS10.3.1.00003_win64\features\lib\</path>
         <kind>archive</kind>
         <file>rts430x_lc_rd_eabi.lib</file>
         <name>s_frexp.c.obj</name>
      </input_file>
      <input_file id="fl-4b">
         <path>X:\CCS10.3.1.00003_win64\features\lib\</path>
         <kind>archive</kind>
         <file>rts430x_lc_rd_eabi.lib</file>
         <name>s_scalbn.c.obj</name>
      </input_file>
      <input_file id="fl-4c">
         <path>X:\CCS10.3.1.00003_win64\features\lib\</path>
         <kind>archive</kind>
         <file>rts430x_lc_rd_eabi.lib</file>
         <name>div16s.asm.obj</name>
      </input_file>
      <input_file id="fl-4d">
         <path>X:\CCS10.3.1.00003_win64\features\lib\</path>
         <kind>archive</kind>
         <file>rts430x_lc_rd_eabi.lib</file>
         <name>div16u.asm.obj</name>
      </input_file>
      <input_file id="fl-4e">
         <path>X:\CCS10.3.1.00003_win64\features\lib\</path>
         <kind>archive</kind>
         <file>rts430x_lc_rd_eabi.lib</file>
         <name>div32s.asm.obj</name>
      </input_file>
      <input_file id="fl-4f">
         <path>X:\CCS10.3.1.00003_win64\features\lib\</path>
         <kind>archive</kind>
         <file>rts430x_lc_rd_eabi.lib</file>
         <name>div32u.asm.obj</name>
      </input_file>
      <input_file id="fl-50">
         <path>X:\CCS10.3.1.00003_win64\features\lib\</path>
         <kind>archive</kind>
         <file>rts430x_lc_rd_eabi.lib</file>
         <name>fs_add.asm.obj</name>
      </input_file>
      <input_file id="fl-51">
         <path>X:\CCS10.3.1.00003_win64\features\lib\</path>
         <kind>archive</kind>
         <file>rts430x_lc_rd_eabi.lib</file>
         <name>fs_cmp.asm.obj</name>
      </input_file>
      <input_file id="fl-52">
         <path>X:\CCS10.3.1.00003_win64\features\lib\</path>
         <kind>archive</kind>
         <file>rts430x_lc_rd_eabi.lib</file>
         <name>fs_div.asm.obj</name>
      </input_file>
      <input_file id="fl-53">
         <path>X:\CCS10.3.1.00003_win64\features\lib\</path>
         <kind>archive</kind>
         <file>rts430x_lc_rd_eabi.lib</file>
         <name>fs_itof.asm.obj</name>
      </input_file>
      <input_file id="fl-54">
         <path>X:\CCS10.3.1.00003_win64\features\lib\</path>
         <kind>archive</kind>
         <file>rts430x_lc_rd_eabi.lib</file>
         <name>fs_mpy.asm.obj</name>
      </input_file>
      <input_file id="fl-55">
         <path>X:\CCS10.3.1.00003_win64\features\lib\</path>
         <kind>archive</kind>
         <file>rts430x_lc_rd_eabi.lib</file>
         <name>fs_toi.asm.obj</name>
      </input_file>
      <input_file id="fl-56">
         <path>X:\CCS10.3.1.00003_win64\features\lib\</path>
         <kind>archive</kind>
         <file>rts430x_lc_rd_eabi.lib</file>
         <name>fs_tou.asm.obj</name>
      </input_file>
      <input_file id="fl-57">
         <path>X:\CCS10.3.1.00003_win64\features\lib\</path>
         <kind>archive</kind>
         <file>rts430x_lc_rd_eabi.lib</file>
         <name>fs_utof.asm.obj</name>
      </input_file>
      <input_file id="fl-58">
         <path>X:\CCS10.3.1.00003_win64\features\lib\</path>
         <kind>archive</kind>
         <file>rts430x_lc_rd_eabi.lib</file>
         <name>int41.asm.obj</name>
      </input_file>
      <input_file id="fl-59">
         <path>X:\CCS10.3.1.00003_win64\features\lib\</path>
         <kind>archive</kind>
         <file>rts430x_lc_rd_eabi.lib</file>
         <name>int42.asm.obj</name>
      </input_file>
      <input_file id="fl-5a">
         <path>X:\CCS10.3.1.00003_win64\features\lib\</path>
         <kind>archive</kind>
         <file>rts430x_lc_rd_eabi.lib</file>
         <name>int43.asm.obj</name>
      </input_file>
      <input_file id="fl-5b">
         <path>X:\CCS10.3.1.00003_win64\features\lib\</path>
         <kind>archive</kind>
         <file>rts430x_lc_rd_eabi.lib</file>
         <name>int44.asm.obj</name>
      </input_file>
      <input_file id="fl-5c">
         <path>X:\CCS10.3.1.00003_win64\features\lib\</path>
         <kind>archive</kind>
         <file>rts430x_lc_rd_eabi.lib</file>
         <name>int46.asm.obj</name>
      </input_file>
      <input_file id="fl-5d">
         <path>X:\CCS10.3.1.00003_win64\features\lib\</path>
         <kind>archive</kind>
         <file>rts430x_lc_rd_eabi.lib</file>
         <name>int47.asm.obj</name>
      </input_file>
      <input_file id="fl-5e">
         <path>X:\CCS10.3.1.00003_win64\features\lib\</path>
         <kind>archive</kind>
         <file>rts430x_lc_rd_eabi.lib</file>
         <name>int48.asm.obj</name>
      </input_file>
      <input_file id="fl-5f">
         <path>X:\CCS10.3.1.00003_win64\features\lib\</path>
         <kind>archive</kind>
         <file>rts430x_lc_rd_eabi.lib</file>
         <name>int49.asm.obj</name>
      </input_file>
      <input_file id="fl-60">
         <path>X:\CCS10.3.1.00003_win64\features\lib\</path>
         <kind>archive</kind>
         <file>rts430x_lc_rd_eabi.lib</file>
         <name>int50.asm.obj</name>
      </input_file>
      <input_file id="fl-61">
         <path>X:\CCS10.3.1.00003_win64\features\lib\</path>
         <kind>archive</kind>
         <file>rts430x_lc_rd_eabi.lib</file>
         <name>int51.asm.obj</name>
      </input_file>
      <input_file id="fl-62">
         <path>X:\CCS10.3.1.00003_win64\features\lib\</path>
         <kind>archive</kind>
         <file>rts430x_lc_rd_eabi.lib</file>
         <name>int52.asm.obj</name>
      </input_file>
      <input_file id="fl-63">
         <path>X:\CCS10.3.1.00003_win64\features\lib\</path>
         <kind>archive</kind>
         <file>rts430x_lc_rd_eabi.lib</file>
         <name>int53.asm.obj</name>
      </input_file>
      <input_file id="fl-64">
         <path>X:\CCS10.3.1.00003_win64\features\lib\</path>
         <kind>archive</kind>
         <file>rts430x_lc_rd_eabi.lib</file>
         <name>int54.asm.obj</name>
      </input_file>
      <input_file id="fl-65">
         <path>X:\CCS10.3.1.00003_win64\features\lib\</path>
         <kind>archive</kind>
         <file>rts430x_lc_rd_eabi.lib</file>
         <name>int57.asm.obj</name>
      </input_file>
      <input_file id="fl-66">
         <path>X:\CCS10.3.1.00003_win64\features\lib\</path>
         <kind>archive</kind>
         <file>rts430x_lc_rd_eabi.lib</file>
         <name>int58.asm.obj</name>
      </input_file>
      <input_file id="fl-67">
         <path>X:\CCS10.3.1.00003_win64\features\lib\</path>
         <kind>archive</kind>
         <file>rts430x_lc_rd_eabi.lib</file>
         <name>int59.asm.obj</name>
      </input_file>
      <input_file id="fl-68">
         <path>X:\CCS10.3.1.00003_win64\features\lib\</path>
         <kind>archive</kind>
         <file>rts430x_lc_rd_eabi.lib</file>
         <name>int60.asm.obj</name>
      </input_file>
      <input_file id="fl-69">
         <path>X:\CCS10.3.1.00003_win64\features\lib\</path>
         <kind>archive</kind>
         <file>rts430x_lc_rd_eabi.lib</file>
         <name>int61.asm.obj</name>
      </input_file>
      <input_file id="fl-6a">
         <path>X:\CCS10.3.1.00003_win64\features\lib\</path>
         <kind>archive</kind>
         <file>rts430x_lc_rd_eabi.lib</file>
         <name>int62.asm.obj</name>
      </input_file>
      <input_file id="fl-6b">
         <path>X:\CCS10.3.1.00003_win64\features\lib\</path>
         <kind>archive</kind>
         <file>rts430x_lc_rd_eabi.lib</file>
         <name>isr_trap.asm.obj</name>
      </input_file>
      <input_file id="fl-6c">
         <path>X:\CCS10.3.1.00003_win64\features\lib\</path>
         <kind>archive</kind>
         <file>rts430x_lc_rd_eabi.lib</file>
         <name>lsl32.asm.obj</name>
      </input_file>
      <input_file id="fl-6d">
         <path>X:\CCS10.3.1.00003_win64\features\lib\</path>
         <kind>archive</kind>
         <file>rts430x_lc_rd_eabi.lib</file>
         <name>mult16.asm.obj</name>
      </input_file>
      <input_file id="fl-6e">
         <path>X:\CCS10.3.1.00003_win64\features\lib\</path>
         <kind>archive</kind>
         <file>rts430x_lc_rd_eabi.lib</file>
         <name>mult16_f5hw.asm.obj</name>
      </input_file>
      <input_file id="fl-6f">
         <path>X:\CCS10.3.1.00003_win64\features\lib\</path>
         <kind>archive</kind>
         <file>rts430x_lc_rd_eabi.lib</file>
         <name>mult1632.asm.obj</name>
      </input_file>
      <input_file id="fl-70">
         <path>X:\CCS10.3.1.00003_win64\features\lib\</path>
         <kind>archive</kind>
         <file>rts430x_lc_rd_eabi.lib</file>
         <name>mult1632_f5hw.asm.obj</name>
      </input_file>
      <input_file id="fl-71">
         <path>X:\CCS10.3.1.00003_win64\features\lib\</path>
         <kind>archive</kind>
         <file>rts430x_lc_rd_eabi.lib</file>
         <name>mult32.asm.obj</name>
      </input_file>
      <input_file id="fl-72">
         <path>X:\CCS10.3.1.00003_win64\features\lib\</path>
         <kind>archive</kind>
         <file>rts430x_lc_rd_eabi.lib</file>
         <name>mult32_f5hw.asm.obj</name>
      </input_file>
      <input_file id="fl-73">
         <path>X:\CCS10.3.1.00003_win64\features\lib\</path>
         <kind>archive</kind>
         <file>rts430x_lc_rd_eabi.lib</file>
         <name>mult3264_f5hw.asm.obj</name>
      </input_file>
      <input_file id="fl-74">
         <path>X:\CCS10.3.1.00003_win64\features\lib\</path>
         <kind>archive</kind>
         <file>rts430x_lc_rd_eabi.lib</file>
         <name>mult64_f5hw.asm.obj</name>
      </input_file>
      <input_file id="fl-75">
         <path>X:\CCS10.3.1.00003_win64\features\lib\</path>
         <kind>archive</kind>
         <file>rts430x_lc_rd_eabi.lib</file>
         <name>boot.c.obj</name>
      </input_file>
      <input_file id="fl-76">
         <path>X:\CCS10.3.1.00003_win64\features\lib\</path>
         <kind>archive</kind>
         <file>rts430x_lc_rd_eabi.lib</file>
         <name>autoinit.c.obj</name>
      </input_file>
      <input_file id="fl-77">
         <path>X:\CCS10.3.1.00003_win64\features\lib\</path>
         <kind>archive</kind>
         <file>rts430x_lc_rd_eabi.lib</file>
         <name>copy_zero_init.c.obj</name>
      </input_file>
      <input_file id="fl-78">
         <path>X:\CCS10.3.1.00003_win64\features\lib\</path>
         <kind>archive</kind>
         <file>rts430x_lc_rd_eabi.lib</file>
         <name>exit_gvars.c.obj</name>
      </input_file>
      <input_file id="fl-79">
         <path>X:\CCS10.3.1.00003_win64\features\lib\</path>
         <kind>archive</kind>
         <file>rts430x_lc_rd_eabi.lib</file>
         <name>cpy_tbl.c.obj</name>
      </input_file>
      <input_file id="fl-7a">
         <path>X:\CCS10.3.1.00003_win64\features\lib\</path>
         <kind>archive</kind>
         <file>rts430x_lc_rd_eabi.lib</file>
         <name>mpu_init.c.obj</name>
      </input_file>
      <input_file id="fl-7b">
         <path>X:\CCS10.3.1.00003_win64\features\lib\</path>
         <kind>archive</kind>
         <file>rts430x_lc_rd_eabi.lib</file>
         <name>lsr64.c.obj</name>
      </input_file>
      <input_file id="fl-7c">
         <path>X:\CCS10.3.1.00003_win64\features\lib\</path>
         <kind>archive</kind>
         <file>rts430x_lc_rd_eabi.lib</file>
         <name>div64u.c.obj</name>
      </input_file>
      <input_file id="fl-7d">
         <path>X:\CCS10.3.1.00003_win64\features\lib\</path>
         <kind>archive</kind>
         <file>rts430x_lc_rd_eabi.lib</file>
         <name>pre_init.c.obj</name>
      </input_file>
      <input_file id="fl-7e">
         <path>X:\CCS10.3.1.00003_win64\features\lib\</path>
         <kind>archive</kind>
         <file>rts430x_lc_rd_eabi.lib</file>
         <name>startup.c.obj</name>
      </input_file>
      <input_file id="fl-7f">
         <path>X:\CCS10.3.1.00003_win64\features\lib\</path>
         <kind>archive</kind>
         <file>rts430x_lc_rd_eabi.lib</file>
         <name>copy_decompress_none.c.obj</name>
      </input_file>
      <input_file id="fl-80">
         <path>X:\CCS10.3.1.00003_win64\features\lib\</path>
         <kind>archive</kind>
         <file>rts430x_lc_rd_eabi.lib</file>
         <name>copy_decompress_lzss.c.obj</name>
      </input_file>
      <input_file id="fl-81">
         <path>X:\CCS10.3.1.00003_win64\features\lib\</path>
         <kind>archive</kind>
         <file>rts430x_lc_rd_eabi.lib</file>
         <name>cvtdf.c.obj</name>
      </input_file>
      <input_file id="fl-82">
         <path>X:\CCS10.3.1.00003_win64\features\lib\</path>
         <kind>archive</kind>
         <file>rts430x_lc_rd_eabi.lib</file>
         <name>addd.c.obj</name>
      </input_file>
      <input_file id="fl-83">
         <path>X:\CCS10.3.1.00003_win64\features\lib\</path>
         <kind>archive</kind>
         <file>rts430x_lc_rd_eabi.lib</file>
         <name>cmpd.c.obj</name>
      </input_file>
      <input_file id="fl-84">
         <path>X:\CCS10.3.1.00003_win64\features\lib\</path>
         <kind>archive</kind>
         <file>rts430x_lc_rd_eabi.lib</file>
         <name>cvtfd.c.obj</name>
      </input_file>
      <input_file id="fl-85">
         <path>X:\CCS10.3.1.00003_win64\features\lib\</path>
         <kind>archive</kind>
         <file>rts430x_lc_rd_eabi.lib</file>
         <name>divd.c.obj</name>
      </input_file>
      <input_file id="fl-86">
         <path>X:\CCS10.3.1.00003_win64\features\lib\</path>
         <kind>archive</kind>
         <file>rts430x_lc_rd_eabi.lib</file>
         <name>fixdi.c.obj</name>
      </input_file>
      <input_file id="fl-87">
         <path>X:\CCS10.3.1.00003_win64\features\lib\</path>
         <kind>archive</kind>
         <file>rts430x_lc_rd_eabi.lib</file>
         <name>fixdli.c.obj</name>
      </input_file>
      <input_file id="fl-88">
         <path>X:\CCS10.3.1.00003_win64\features\lib\</path>
         <kind>archive</kind>
         <file>rts430x_lc_rd_eabi.lib</file>
         <name>fltid.c.obj</name>
      </input_file>
      <input_file id="fl-89">
         <path>X:\CCS10.3.1.00003_win64\features\lib\</path>
         <kind>archive</kind>
         <file>rts430x_lc_rd_eabi.lib</file>
         <name>fltlid.c.obj</name>
      </input_file>
      <input_file id="fl-8a">
         <path>X:\CCS10.3.1.00003_win64\features\lib\</path>
         <kind>archive</kind>
         <file>rts430x_lc_rd_eabi.lib</file>
         <name>frcdivd.c.obj</name>
      </input_file>
      <input_file id="fl-8b">
         <path>X:\CCS10.3.1.00003_win64\features\lib\</path>
         <kind>archive</kind>
         <file>rts430x_lc_rd_eabi.lib</file>
         <name>mpyd.c.obj</name>
      </input_file>
      <input_file id="fl-8c">
         <path>X:\CCS10.3.1.00003_win64\features\lib\</path>
         <kind>archive</kind>
         <file>rts430x_lc_rd_eabi.lib</file>
         <name>negd.c.obj</name>
      </input_file>
      <input_file id="fl-8d">
         <path>X:\CCS10.3.1.00003_win64\features\lib\</path>
         <kind>archive</kind>
         <file>rts430x_lc_rd_eabi.lib</file>
         <name>subd.c.obj</name>
      </input_file>
      <input_file id="fl-8e">
         <path>X:\CCS10.3.1.00003_win64\features\lib\</path>
         <kind>archive</kind>
         <file>rts430x_lc_rd_eabi.lib</file>
         <name>exit.c.obj</name>
      </input_file>
      <input_file id="fl-8f">
         <path>X:\CCS10.3.1.00003_win64\features\lib\</path>
         <kind>archive</kind>
         <file>rts430x_lc_rd_eabi.lib</file>
         <name>_lock.c.obj</name>
      </input_file>
      <input_file id="fl-90">
         <path>X:\CCS10.3.1.00003_win64\features\lib\</path>
         <kind>archive</kind>
         <file>rts430x_lc_rd_eabi.lib</file>
         <name>args_main.c.obj</name>
      </input_file>
      <input_file id="fl-91">
         <path>X:\CCS10.3.1.00003_win64\features\lib\</path>
         <kind>archive</kind>
         <file>rts430x_lc_rd_eabi.lib</file>
         <name>assert.c.obj</name>
      </input_file>
      <input_file id="fl-92">
         <path>X:\CCS10.3.1.00003_win64\features\lib\</path>
         <kind>archive</kind>
         <file>rts430x_lc_rd_eabi.lib</file>
         <name>atoi.c.obj</name>
      </input_file>
      <input_file id="fl-93">
         <path>X:\CCS10.3.1.00003_win64\features\lib\</path>
         <kind>archive</kind>
         <file>rts430x_lc_rd_eabi.lib</file>
         <name>ctype.c.obj</name>
      </input_file>
      <input_file id="fl-94">
         <path>X:\CCS10.3.1.00003_win64\features\lib\</path>
         <kind>archive</kind>
         <file>rts430x_lc_rd_eabi.lib</file>
         <name>defs.c.obj</name>
      </input_file>
      <input_file id="fl-95">
         <path>X:\CCS10.3.1.00003_win64\features\lib\</path>
         <kind>archive</kind>
         <file>rts430x_lc_rd_eabi.lib</file>
         <name>isdigit.c.obj</name>
      </input_file>
      <input_file id="fl-96">
         <path>X:\CCS10.3.1.00003_win64\features\lib\</path>
         <kind>archive</kind>
         <file>rts430x_lc_rd_eabi.lib</file>
         <name>isspace.c.obj</name>
      </input_file>
      <input_file id="fl-97">
         <path>X:\CCS10.3.1.00003_win64\features\lib\</path>
         <kind>archive</kind>
         <file>rts430x_lc_rd_eabi.lib</file>
         <name>isxdigit.c.obj</name>
      </input_file>
      <input_file id="fl-98">
         <path>X:\CCS10.3.1.00003_win64\features\lib\</path>
         <kind>archive</kind>
         <file>rts430x_lc_rd_eabi.lib</file>
         <name>ltoa.c.obj</name>
      </input_file>
      <input_file id="fl-99">
         <path>X:\CCS10.3.1.00003_win64\features\lib\</path>
         <kind>archive</kind>
         <file>rts430x_lc_rd_eabi.lib</file>
         <name>memccpy.c.obj</name>
      </input_file>
      <input_file id="fl-9a">
         <path>X:\CCS10.3.1.00003_win64\features\lib\</path>
         <kind>archive</kind>
         <file>rts430x_lc_rd_eabi.lib</file>
         <name>memchr.c.obj</name>
      </input_file>
      <input_file id="fl-9b">
         <path>X:\CCS10.3.1.00003_win64\features\lib\</path>
         <kind>archive</kind>
         <file>rts430x_lc_rd_eabi.lib</file>
         <name>memcpy.c.obj</name>
      </input_file>
      <input_file id="fl-9c">
         <path>X:\CCS10.3.1.00003_win64\features\lib\</path>
         <kind>archive</kind>
         <file>rts430x_lc_rd_eabi.lib</file>
         <name>memory.c.obj</name>
      </input_file>
      <input_file id="fl-9d">
         <path>X:\CCS10.3.1.00003_win64\features\lib\</path>
         <kind>archive</kind>
         <file>rts430x_lc_rd_eabi.lib</file>
         <name>memset.c.obj</name>
      </input_file>
      <input_file id="fl-9e">
         <path>X:\CCS10.3.1.00003_win64\features\lib\</path>
         <kind>archive</kind>
         <file>rts430x_lc_rd_eabi.lib</file>
         <name>strchr.c.obj</name>
      </input_file>
      <input_file id="fl-9f">
         <path>X:\CCS10.3.1.00003_win64\features\lib\</path>
         <kind>archive</kind>
         <file>rts430x_lc_rd_eabi.lib</file>
         <name>strlen.c.obj</name>
      </input_file>
      <input_file id="fl-a0">
         <path>X:\CCS10.3.1.00003_win64\features\lib\</path>
         <kind>archive</kind>
         <file>rts430x_lc_rd_eabi.lib</file>
         <name>strncmp.c.obj</name>
      </input_file>
      <input_file id="fl-a1">
         <path>X:\CCS10.3.1.00003_win64\features\lib\</path>
         <kind>archive</kind>
         <file>rts430x_lc_rd_eabi.lib</file>
         <name>strncpy.c.obj</name>
      </input_file>
      <input_file id="fl-a2">
         <path>X:\CCS10.3.1.00003_win64\features\lib\</path>
         <kind>archive</kind>
         <file>rts430x_lc_rd_eabi.lib</file>
         <name>strtof.c.obj</name>
      </input_file>
      <input_file id="fl-a3">
         <path>X:\CCS10.3.1.00003_win64\features\lib\</path>
         <kind>archive</kind>
         <file>rts430x_lc_rd_eabi.lib</file>
         <name>strtoul.c.obj</name>
      </input_file>
      <input_file id="fl-a4">
         <path>X:\CCS10.3.1.00003_win64\features\lib\</path>
         <kind>archive</kind>
         <file>rts430x_lc_rd_eabi.lib</file>
         <name>toupper.c.obj</name>
      </input_file>
      <input_file id="fl-a5">
         <path>X:\CCS10.3.1.00003_win64\features\lib\</path>
         <kind>archive</kind>
         <file>rts430x_lc_rd_eabi.lib</file>
         <name>errno.c.obj</name>
      </input_file>
      <input_file id="fl-a6">
         <path>X:\CCS10.3.1.00003_win64\features\lib\</path>
         <kind>archive</kind>
         <file>rts430x_lc_rd_eabi.lib</file>
         <name>abs.c.obj</name>
      </input_file>
      <input_file id="fl-a7">
         <path>X:\CCS10.3.1.00003_win64\features\lib\</path>
         <kind>archive</kind>
         <file>rts430x_lc_rd_eabi.lib</file>
         <name>write.c.obj</name>
      </input_file>
      <input_file id="fl-a8">
         <path>X:\CCS10.3.1.00003_win64\features\lib\</path>
         <kind>archive</kind>
         <file>rts430x_lc_rd_eabi.lib</file>
         <name>host_device.c.obj</name>
      </input_file>
      <input_file id="fl-a9">
         <path>X:\CCS10.3.1.00003_win64\features\lib\</path>
         <kind>archive</kind>
         <file>rts430x_lc_rd_eabi.lib</file>
         <name>s_scalbnf.c.obj</name>
      </input_file>
      <input_file id="fl-aa">
         <path>X:\CCS10.3.1.00003_win64\features\lib\</path>
         <kind>archive</kind>
         <file>rts430x_lc_rd_eabi.lib</file>
         <name>fflush.c.obj</name>
      </input_file>
      <input_file id="fl-ab">
         <path>X:\CCS10.3.1.00003_win64\features\lib\</path>
         <kind>archive</kind>
         <file>rts430x_lc_rd_eabi.lib</file>
         <name>fopen.c.obj</name>
      </input_file>
      <input_file id="fl-ac">
         <path>X:\CCS10.3.1.00003_win64\features\lib\</path>
         <kind>archive</kind>
         <file>rts430x_lc_rd_eabi.lib</file>
         <name>fseek.c.obj</name>
      </input_file>
      <input_file id="fl-ad">
         <path>X:\CCS10.3.1.00003_win64\features\lib\</path>
         <kind>archive</kind>
         <file>rts430x_lc_rd_eabi.lib</file>
         <name>s_copysign.c.obj</name>
      </input_file>
      <input_file id="fl-ae">
         <path>X:\CCS10.3.1.00003_win64\features\lib\</path>
         <kind>archive</kind>
         <file>rts430x_lc_rd_eabi.lib</file>
         <name>s_copysignf.c.obj</name>
      </input_file>
      <input_file id="fl-af">
         <path>X:\CCS10.3.1.00003_win64\features\lib\</path>
         <kind>archive</kind>
         <file>rts430x_lc_rd_eabi.lib</file>
         <name>asr32.asm.obj</name>
      </input_file>
      <input_file id="fl-b0">
         <path>X:\CCS10.3.1.00003_win64\features\lib\</path>
         <kind>archive</kind>
         <file>rts430x_lc_rd_eabi.lib</file>
         <name>fs_neg.asm.obj</name>
      </input_file>
      <input_file id="fl-b1">
         <path>X:\CCS10.3.1.00003_win64\features\lib\</path>
         <kind>archive</kind>
         <file>rts430x_lc_rd_eabi.lib</file>
         <name>lsr32.asm.obj</name>
      </input_file>
      <input_file id="fl-b2">
         <path>X:\CCS10.3.1.00003_win64\features\lib\</path>
         <kind>archive</kind>
         <file>rts430x_lc_rd_eabi.lib</file>
         <name>asr64.c.obj</name>
      </input_file>
      <input_file id="fl-b3">
         <path>X:\CCS10.3.1.00003_win64\features\lib\</path>
         <kind>archive</kind>
         <file>rts430x_lc_rd_eabi.lib</file>
         <name>lsl64.c.obj</name>
      </input_file>
      <input_file id="fl-b4">
         <path>X:\CCS10.3.1.00003_win64\features\lib\</path>
         <kind>archive</kind>
         <file>rts430x_lc_rd_eabi.lib</file>
         <name>frcmpyd.c.obj</name>
      </input_file>
      <input_file id="fl-b5">
         <path>X:\CCS10.3.1.00003_win64\features\lib\</path>
         <kind>archive</kind>
         <file>rts430x_lc_rd_eabi.lib</file>
         <name>hostclose.c.obj</name>
      </input_file>
      <input_file id="fl-b6">
         <path>X:\CCS10.3.1.00003_win64\features\lib\</path>
         <kind>archive</kind>
         <file>rts430x_lc_rd_eabi.lib</file>
         <name>hostlseek.c.obj</name>
      </input_file>
      <input_file id="fl-b7">
         <path>X:\CCS10.3.1.00003_win64\features\lib\</path>
         <kind>archive</kind>
         <file>rts430x_lc_rd_eabi.lib</file>
         <name>hostopen.c.obj</name>
      </input_file>
      <input_file id="fl-b8">
         <path>X:\CCS10.3.1.00003_win64\features\lib\</path>
         <kind>archive</kind>
         <file>rts430x_lc_rd_eabi.lib</file>
         <name>hostread.c.obj</name>
      </input_file>
      <input_file id="fl-b9">
         <path>X:\CCS10.3.1.00003_win64\features\lib\</path>
         <kind>archive</kind>
         <file>rts430x_lc_rd_eabi.lib</file>
         <name>hostrename.c.obj</name>
      </input_file>
      <input_file id="fl-ba">
         <path>X:\CCS10.3.1.00003_win64\features\lib\</path>
         <kind>archive</kind>
         <file>rts430x_lc_rd_eabi.lib</file>
         <name>hostunlink.c.obj</name>
      </input_file>
      <input_file id="fl-bb">
         <path>X:\CCS10.3.1.00003_win64\features\lib\</path>
         <kind>archive</kind>
         <file>rts430x_lc_rd_eabi.lib</file>
         <name>hostwrite.c.obj</name>
      </input_file>
      <input_file id="fl-bc">
         <path>X:\CCS10.3.1.00003_win64\features\lib\</path>
         <kind>archive</kind>
         <file>rts430x_lc_rd_eabi.lib</file>
         <name>trgmsg.c.obj</name>
      </input_file>
      <input_file id="fl-bd">
         <path>X:\CCS10.3.1.00003_win64\features\lib\</path>
         <kind>archive</kind>
         <file>rts430x_lc_rd_eabi.lib</file>
         <name>open.c.obj</name>
      </input_file>
      <input_file id="fl-be">
         <path>X:\CCS10.3.1.00003_win64\features\lib\</path>
         <kind>archive</kind>
         <file>rts430x_lc_rd_eabi.lib</file>
         <name>lseek.c.obj</name>
      </input_file>
      <input_file id="fl-bf">
         <path>X:\CCS10.3.1.00003_win64\features\lib\</path>
         <kind>archive</kind>
         <file>rts430x_lc_rd_eabi.lib</file>
         <name>fclose.c.obj</name>
      </input_file>
      <input_file id="fl-c0">
         <path>X:\CCS10.3.1.00003_win64\features\lib\</path>
         <kind>archive</kind>
         <file>rts430x_lc_rd_eabi.lib</file>
         <name>getdevice.c.obj</name>
      </input_file>
      <input_file id="fl-c1">
         <path>X:\CCS10.3.1.00003_win64\features\lib\</path>
         <kind>archive</kind>
         <file>rts430x_lc_rd_eabi.lib</file>
         <name>mult3264.asm.obj</name>
      </input_file>
      <input_file id="fl-c2">
         <path>X:\CCS10.3.1.00003_win64\features\lib\</path>
         <kind>archive</kind>
         <file>rts430x_lc_rd_eabi.lib</file>
         <name>mult64.asm.obj</name>
      </input_file>
      <input_file id="fl-c3">
         <path>X:\CCS10.3.1.00003_win64\features\lib\</path>
         <kind>archive</kind>
         <file>rts430x_lc_rd_eabi.lib</file>
         <name>strcmp.c.obj</name>
      </input_file>
      <input_file id="fl-c4">
         <path>X:\CCS10.3.1.00003_win64\features\lib\</path>
         <kind>archive</kind>
         <file>rts430x_lc_rd_eabi.lib</file>
         <name>strcpy.c.obj</name>
      </input_file>
      <input_file id="fl-c5">
         <path>X:\CCS10.3.1.00003_win64\features\lib\</path>
         <kind>archive</kind>
         <file>rts430x_lc_rd_eabi.lib</file>
         <name>remove.c.obj</name>
      </input_file>
      <input_file id="fl-c6">
         <path>X:\CCS10.3.1.00003_win64\features\lib\</path>
         <kind>archive</kind>
         <file>rts430x_lc_rd_eabi.lib</file>
         <name>close.c.obj</name>
      </input_file>
      <input_file id="fl-c7">
         <path>X:\CCS10.3.1.00003_win64\features\lib\</path>
         <kind>archive</kind>
         <file>rts430x_lc_rd_eabi.lib</file>
         <name>unlink.c.obj</name>
      </input_file>
   </input_file_list>
   <object_component_list>
      <object_component id="oc-a68">
         <name>.bss</name>
         <uninitialized>true</uninitialized>
         <run_address>0x2830</run_address>
         <size>0x4</size>
         <input_file_ref idref="fl-9c"/>
      </object_component>
      <object_component id="oc-410">
         <name>.common:uart_rxbuf</name>
         <uninitialized>true</uninitialized>
         <run_address>0x24fa</run_address>
         <size>0xc8</size>
      </object_component>
      <object_component id="oc-408">
         <name>.common:uart_rx_delim_received</name>
         <uninitialized>true</uninitialized>
         <run_address>0x283c</run_address>
         <size>0x2</size>
      </object_component>
      <object_component id="oc-405">
         <name>.common:uart_rx_inptr</name>
         <uninitialized>true</uninitialized>
         <run_address>0x2834</run_address>
         <size>0x4</size>
      </object_component>
      <object_component id="oc-560">
         <name>.common:uart_rx_outptr</name>
         <uninitialized>true</uninitialized>
         <run_address>0x2838</run_address>
         <size>0x4</size>
      </object_component>
      <object_component id="oc-562">
         <name>.common:bmi</name>
         <uninitialized>true</uninitialized>
         <run_address>0x27e6</run_address>
         <size>0x2c</size>
      </object_component>
      <object_component id="oc-577">
         <name>.common:bmm</name>
         <uninitialized>true</uninitialized>
         <run_address>0x27b6</run_address>
         <size>0x30</size>
      </object_component>
      <object_component id="oc-5af">
         <name>.common:fifo_buff</name>
         <uninitialized>true</uninitialized>
         <run_address>0x2400</run_address>
         <size>0xfa</size>
      </object_component>
      <object_component id="oc-5b0">
         <name>.common:fifo_frame</name>
         <uninitialized>true</uninitialized>
         <run_address>0x2812</run_address>
         <size>0x16</size>
      </object_component>
      <object_component id="oc-5bd">
         <name>.common:aux_data</name>
         <uninitialized>true</uninitialized>
         <run_address>0x272a</run_address>
         <size>0x50</size>
      </object_component>
      <object_component id="oc-5dd">
         <name>.common:mag_data</name>
         <uninitialized>true</uninitialized>
         <run_address>0x277a</run_address>
         <size>0x3c</size>
      </object_component>
      <object_component id="oc-5c4">
         <name>.common:gyro_data</name>
         <uninitialized>true</uninitialized>
         <run_address>0x26c6</run_address>
         <size>0x64</size>
      </object_component>
      <object_component id="oc-5cb">
         <name>.common:accel_data</name>
         <uninitialized>true</uninitialized>
         <run_address>0x2662</run_address>
         <size>0x64</size>
      </object_component>
      <object_component id="oc-58a">
         <name>.common:rslt</name>
         <uninitialized>true</uninitialized>
         <run_address>0x283e</run_address>
         <size>0x1</size>
      </object_component>
      <object_component id="oc-a7d">
         <name>.common:__TI_tmpnams</name>
         <uninitialized>true</uninitialized>
         <run_address>0x25c2</run_address>
         <size>0xa0</size>
      </object_component>
      <object_component id="oc-a88">
         <name>.common:parmbuf</name>
         <uninitialized>true</uninitialized>
         <run_address>0x2828</run_address>
         <size>0x8</size>
      </object_component>
      <object_component id="oc-3f2">
         <name>.data</name>
         <load_address>0x29e4</load_address>
         <run_address>0x29e4</run_address>
         <size>0x8</size>
         <input_file_ref idref="fl-1b"/>
      </object_component>
      <object_component id="oc-3f8">
         <name>.data:ReceiveBuffer</name>
         <load_address>0x29bc</load_address>
         <run_address>0x29bc</run_address>
         <size>0x14</size>
         <input_file_ref idref="fl-1b"/>
      </object_component>
      <object_component id="oc-3f5">
         <name>.data:TransmitBuffer</name>
         <load_address>0x29d0</load_address>
         <run_address>0x29d0</run_address>
         <size>0x14</size>
         <input_file_ref idref="fl-1b"/>
      </object_component>
      <object_component id="oc-401">
         <name>.data</name>
         <load_address>0x29fc</load_address>
         <run_address>0x29fc</run_address>
         <size>0x4</size>
         <input_file_ref idref="fl-1d"/>
      </object_component>
      <object_component id="oc-5e6">
         <name>.data:__TI_cleanup_ptr</name>
         <load_address>0x29ec</load_address>
         <run_address>0x29ec</run_address>
         <size>0x4</size>
         <input_file_ref idref="fl-78"/>
      </object_component>
      <object_component id="oc-5e3">
         <name>.data:__TI_dtors_ptr</name>
         <load_address>0x29f0</load_address>
         <run_address>0x29f0</run_address>
         <size>0x4</size>
         <input_file_ref idref="fl-78"/>
      </object_component>
      <object_component id="oc-5e0">
         <name>.data</name>
         <load_address>0x2a04</load_address>
         <run_address>0x2a04</run_address>
         <size>0x2</size>
         <input_file_ref idref="fl-8e"/>
      </object_component>
      <object_component id="oc-48e">
         <name>.data:_lock</name>
         <load_address>0x29f4</load_address>
         <run_address>0x29f4</run_address>
         <size>0x4</size>
         <input_file_ref idref="fl-8f"/>
      </object_component>
      <object_component id="oc-4a6">
         <name>.data:_unlock</name>
         <load_address>0x29f8</load_address>
         <run_address>0x29f8</run_address>
         <size>0x4</size>
         <input_file_ref idref="fl-8f"/>
      </object_component>
      <object_component id="oc-491">
         <name>.data:_ftable</name>
         <load_address>0x2840</load_address>
         <run_address>0x2840</run_address>
         <size>0xc8</size>
         <input_file_ref idref="fl-94"/>
      </object_component>
      <object_component id="oc-9be">
         <name>.data</name>
         <load_address>0x2a00</load_address>
         <run_address>0x2a00</run_address>
         <size>0x2</size>
         <input_file_ref idref="fl-94"/>
      </object_component>
      <object_component id="oc-a6d">
         <name>.data</name>
         <load_address>0x2a06</load_address>
         <run_address>0x2a06</run_address>
         <size>0x2</size>
         <input_file_ref idref="fl-9c"/>
      </object_component>
      <object_component id="oc-656">
         <name>.data</name>
         <load_address>0x2a02</load_address>
         <run_address>0x2a02</run_address>
         <size>0x2</size>
         <input_file_ref idref="fl-a5"/>
      </object_component>
      <object_component id="oc-8d6">
         <name>.data:_device</name>
         <load_address>0x2908</load_address>
         <run_address>0x2908</run_address>
         <size>0x78</size>
         <input_file_ref idref="fl-a8"/>
      </object_component>
      <object_component id="oc-793">
         <name>.data:_stream</name>
         <load_address>0x2980</load_address>
         <run_address>0x2980</run_address>
         <size>0x3c</size>
         <input_file_ref idref="fl-a8"/>
      </object_component>
      <object_component id="oc-36f">
         <name>.sysmem</name>
         <uninitialized>true</uninitialized>
         <run_address>0x2b28</run_address>
         <size>0x8</size>
         <input_file_ref idref="fl-9c"/>
      </object_component>
      <object_component id="oc-bcc">
         <name>.sysmem</name>
         <uninitialized>true</uninitialized>
         <run_address>0x2b28</run_address>
         <size>0x0</size>
      </object_component>
      <object_component id="oc-36b">
         <name>.stack</name>
         <uninitialized>true</uninitialized>
         <run_address>0x4360</run_address>
         <size>0x4</size>
         <input_file_ref idref="fl-75"/>
      </object_component>
      <object_component id="oc-bcb">
         <name>.stack</name>
         <uninitialized>true</uninitialized>
         <run_address>0x4360</run_address>
         <size>0x0</size>
      </object_component>
      <object_component id="oc-ab8">
         <name>.text:__mspabi_addd</name>
         <load_address>0x10000</load_address>
         <run_address>0x10000</run_address>
         <size>0x72a</size>
         <input_file_ref idref="fl-82"/>
      </object_component>
      <object_component id="oc-a3c">
         <name>.text:__TI_frcdivd</name>
         <load_address>0x1072a</load_address>
         <run_address>0x1072a</run_address>
         <size>0x466</size>
         <input_file_ref idref="fl-8a"/>
      </object_component>
      <object_component id="oc-8f0">
         <name>.text:__mspabi_divull</name>
         <load_address>0x10b90</load_address>
         <run_address>0x10b90</run_address>
         <size>0x34e</size>
         <input_file_ref idref="fl-7c"/>
      </object_component>
      <object_component id="oc-4a0">
         <name>.text:__TI_printfi</name>
         <load_address>0x10ede</load_address>
         <run_address>0x10ede</run_address>
         <size>0x2a6</size>
         <input_file_ref idref="fl-42"/>
      </object_component>
      <object_component id="oc-92f">
         <name>.text:__mspabi_mpyd</name>
         <load_address>0x11184</load_address>
         <run_address>0x11184</run_address>
         <size>0x298</size>
         <input_file_ref idref="fl-8b"/>
      </object_component>
      <object_component id="oc-533">
         <name>.text:_setfield</name>
         <load_address>0x1141c</load_address>
         <run_address>0x1141c</run_address>
         <size>0x27a</size>
         <input_file_ref idref="fl-42"/>
      </object_component>
      <object_component id="oc-642">
         <name>.text:_pproc_fgea</name>
         <load_address>0x11696</load_address>
         <run_address>0x11696</run_address>
         <size>0x268</size>
         <input_file_ref idref="fl-42"/>
      </object_component>
      <object_component id="oc-942">
         <name>.text:acvt</name>
         <load_address>0x118fe</load_address>
         <run_address>0x118fe</run_address>
         <size>0x224</size>
         <input_file_ref idref="fl-42"/>
      </object_component>
      <object_component id="oc-935">
         <name>.text:__mspabi_divd</name>
         <load_address>0x11b22</load_address>
         <run_address>0x11b22</run_address>
         <size>0x222</size>
         <input_file_ref idref="fl-85"/>
      </object_component>
      <object_component id="oc-7a3">
         <name>.text:_getarg_diouxp</name>
         <load_address>0x11d44</load_address>
         <run_address>0x11d44</run_address>
         <size>0x20c</size>
         <input_file_ref idref="fl-42"/>
      </object_component>
      <object_component id="oc-4c4">
         <name>.text:IMU_get_magno</name>
         <load_address>0x11f50</load_address>
         <run_address>0x11f50</run_address>
         <size>0x1f4</size>
         <input_file_ref idref="fl-15"/>
      </object_component>
      <object_component id="oc-90f">
         <name>.text:ecvt</name>
         <load_address>0x12144</load_address>
         <run_address>0x12144</run_address>
         <size>0x1e6</size>
         <input_file_ref idref="fl-42"/>
      </object_component>
      <object_component id="oc-922">
         <name>.text:fcvt</name>
         <load_address>0x1232a</load_address>
         <run_address>0x1232a</run_address>
         <size>0x1c8</size>
         <input_file_ref idref="fl-42"/>
      </object_component>
      <object_component id="oc-7cd">
         <name>.text:_pconv_e</name>
         <load_address>0x124f2</load_address>
         <run_address>0x124f2</run_address>
         <size>0x1a2</size>
         <input_file_ref idref="fl-42"/>
      </object_component>
      <object_component id="oc-743">
         <name>.text:unpack_accel_frame</name>
         <load_address>0x12694</load_address>
         <run_address>0x12694</run_address>
         <size>0x180</size>
         <input_file_ref idref="fl-17"/>
      </object_component>
      <object_component id="oc-730">
         <name>.text:unpack_gyro_frame</name>
         <load_address>0x12814</load_address>
         <run_address>0x12814</run_address>
         <size>0x17a</size>
         <input_file_ref idref="fl-17"/>
      </object_component>
      <object_component id="oc-7d3">
         <name>.text:_pconv_a</name>
         <load_address>0x1298e</load_address>
         <run_address>0x1298e</run_address>
         <size>0x170</size>
         <input_file_ref idref="fl-42"/>
      </object_component>
      <object_component id="oc-a34">
         <name>.text:__TI_frcmpyd</name>
         <load_address>0x12afe</load_address>
         <run_address>0x12afe</run_address>
         <size>0x164</size>
         <input_file_ref idref="fl-b4"/>
      </object_component>
      <object_component id="oc-a4b">
         <name>.text:scalbn</name>
         <load_address>0x12c62</load_address>
         <run_address>0x12c62</run_address>
         <size>0x15a</size>
         <input_file_ref idref="fl-4b"/>
      </object_component>
      <object_component id="oc-71d">
         <name>.text:unpack_aux_frame</name>
         <load_address>0x12dbc</load_address>
         <run_address>0x12dbc</run_address>
         <size>0x15a</size>
         <input_file_ref idref="fl-17"/>
      </object_component>
      <object_component id="oc-63c">
         <name>.text:_pproc_diouxp</name>
         <load_address>0x12f16</load_address>
         <run_address>0x12f16</run_address>
         <size>0x148</size>
         <input_file_ref idref="fl-42"/>
      </object_component>
      <object_component id="oc-9b1">
         <name>.text:aligned_alloc</name>
         <load_address>0x1305e</load_address>
         <run_address>0x1305e</run_address>
         <size>0x12c</size>
         <input_file_ref idref="fl-9c"/>
      </object_component>
      <object_component id="oc-723">
         <name>.text:extract_aux_header_mode</name>
         <load_address>0x1318a</load_address>
         <run_address>0x1318a</run_address>
         <size>0x12c</size>
         <input_file_ref idref="fl-17"/>
      </object_component>
      <object_component id="oc-7a9">
         <name>.text:_ltostr</name>
         <load_address>0x132b6</load_address>
         <run_address>0x132b6</run_address>
         <size>0x128</size>
         <input_file_ref idref="fl-42"/>
      </object_component>
      <object_component id="oc-736">
         <name>.text:extract_gyro_header_mode</name>
         <load_address>0x133de</load_address>
         <run_address>0x133de</run_address>
         <size>0x11c</size>
         <input_file_ref idref="fl-17"/>
      </object_component>
      <object_component id="oc-749">
         <name>.text:extract_accel_header_mode</name>
         <load_address>0x134fa</load_address>
         <run_address>0x134fa</run_address>
         <size>0x11a</size>
         <input_file_ref idref="fl-17"/>
      </object_component>
      <object_component id="oc-6b5">
         <name>.text:read_trim_registers</name>
         <load_address>0x13614</load_address>
         <run_address>0x13614</run_address>
         <size>0x106</size>
         <input_file_ref idref="fl-18"/>
      </object_component>
      <object_component id="oc-7c1">
         <name>.text:_pconv_g</name>
         <load_address>0x1371a</load_address>
         <run_address>0x1371a</run_address>
         <size>0xfc</size>
         <input_file_ref idref="fl-42"/>
      </object_component>
      <object_component id="oc-519">
         <name>.text:fputs</name>
         <load_address>0x13816</load_address>
         <run_address>0x13816</run_address>
         <size>0xf0</size>
         <input_file_ref idref="fl-46"/>
      </object_component>
      <object_component id="oc-750">
         <name>.text:compensate_x</name>
         <load_address>0x13906</load_address>
         <run_address>0x13906</run_address>
         <size>0xec</size>
         <input_file_ref idref="fl-18"/>
      </object_component>
      <object_component id="oc-52d">
         <name>.text:_pproc_fwp</name>
         <load_address>0x139f2</load_address>
         <run_address>0x139f2</run_address>
         <size>0xea</size>
         <input_file_ref idref="fl-42"/>
      </object_component>
      <object_component id="oc-756">
         <name>.text:compensate_y</name>
         <load_address>0x13adc</load_address>
         <run_address>0x13adc</run_address>
         <size>0xe8</size>
         <input_file_ref idref="fl-18"/>
      </object_component>
      <object_component id="oc-8b7">
         <name>.text:free</name>
         <load_address>0x13bc4</load_address>
         <run_address>0x13bc4</run_address>
         <size>0xe2</size>
         <input_file_ref idref="fl-9c"/>
      </object_component>
      <object_component id="oc-787">
         <name>.text:setvbuf</name>
         <load_address>0x13ca6</load_address>
         <run_address>0x13ca6</run_address>
         <size>0xde</size>
         <input_file_ref idref="fl-48"/>
      </object_component>
      <object_component id="oc-7d9">
         <name>.text:__mspabi_cmpd</name>
         <load_address>0x13d84</load_address>
         <run_address>0x13d84</run_address>
         <size>0xd8</size>
         <input_file_ref idref="fl-83"/>
      </object_component>
      <object_component id="oc-75c">
         <name>.text:compensate_z</name>
         <load_address>0x13e5c</load_address>
         <run_address>0x13e5c</run_address>
         <size>0xd0</size>
         <input_file_ref idref="fl-18"/>
      </object_component>
      <object_component id="oc-53f">
         <name>.text:_pproc_wstr</name>
         <load_address>0x13f2c</load_address>
         <run_address>0x13f2c</run_address>
         <size>0xc8</size>
         <input_file_ref idref="fl-42"/>
      </object_component>
      <object_component id="oc-800">
         <name>.text:extract_aux_read</name>
         <load_address>0x13ff4</load_address>
         <run_address>0x13ff4</run_address>
         <size>0xb8</size>
         <input_file_ref idref="fl-17"/>
      </object_component>
      <object_component id="oc-5cc">
         <name>.text:bmi160_extract_accel</name>
         <load_address>0x140ac</load_address>
         <run_address>0x140ac</run_address>
         <size>0xae</size>
         <input_file_ref idref="fl-17"/>
      </object_component>
      <object_component id="oc-5be">
         <name>.text:bmi160_extract_aux</name>
         <load_address>0x1415a</load_address>
         <run_address>0x1415a</run_address>
         <size>0xaa</size>
         <input_file_ref idref="fl-17"/>
      </object_component>
      <object_component id="oc-539">
         <name>.text:_pproc_str</name>
         <load_address>0x14204</load_address>
         <run_address>0x14204</run_address>
         <size>0xa6</size>
         <input_file_ref idref="fl-42"/>
      </object_component>
      <object_component id="oc-5c5">
         <name>.text:bmi160_extract_gyro</name>
         <load_address>0x142aa</load_address>
         <run_address>0x142aa</run_address>
         <size>0xa6</size>
         <input_file_ref idref="fl-17"/>
      </object_component>
      <object_component id="oc-93c">
         <name>.text:frexp</name>
         <load_address>0x14350</load_address>
         <run_address>0x14350</run_address>
         <size>0xa6</size>
         <input_file_ref idref="fl-4a"/>
      </object_component>
      <object_component id="oc-6f0">
         <name>.text:bmi160_set_regs</name>
         <load_address>0x143f6</load_address>
         <run_address>0x143f6</run_address>
         <size>0xa4</size>
         <input_file_ref idref="fl-17"/>
      </object_component>
      <object_component id="oc-5d2">
         <name>.text:bmm150_aux_mag_data</name>
         <load_address>0x1449a</load_address>
         <run_address>0x1449a</run_address>
         <size>0xa4</size>
         <input_file_ref idref="fl-18"/>
      </object_component>
      <object_component id="oc-a17">
         <name>.text:__mspabi_fltlid</name>
         <load_address>0x1453e</load_address>
         <run_address>0x1453e</run_address>
         <size>0x9e</size>
         <input_file_ref idref="fl-89"/>
      </object_component>
      <object_component id="oc-73d">
         <name>.text:get_accel_len_to_parse</name>
         <load_address>0x145dc</load_address>
         <run_address>0x145dc</run_address>
         <size>0x9c</size>
         <input_file_ref idref="fl-17"/>
      </object_component>
      <object_component id="oc-72a">
         <name>.text:get_gyro_len_to_parse</name>
         <load_address>0x14678</load_address>
         <run_address>0x14678</run_address>
         <size>0x9c</size>
         <input_file_ref idref="fl-17"/>
      </object_component>
      <object_component id="oc-85e">
         <name>.text:unpack_aux_data</name>
         <load_address>0x14714</load_address>
         <run_address>0x14714</run_address>
         <size>0x9c</size>
         <input_file_ref idref="fl-17"/>
      </object_component>
      <object_component id="oc-9dc">
         <name>.text:HOSTlseek</name>
         <load_address>0x147b0</load_address>
         <run_address>0x147b0</run_address>
         <size>0x9a</size>
         <input_file_ref idref="fl-b6"/>
      </object_component>
      <object_component id="oc-711">
         <name>.text:get_aux_len_to_parse</name>
         <load_address>0x1484a</load_address>
         <run_address>0x1484a</run_address>
         <size>0x96</size>
         <input_file_ref idref="fl-17"/>
      </object_component>
      <object_component id="oc-882">
         <name>.text:unpack_accel_data</name>
         <load_address>0x148e0</load_address>
         <run_address>0x148e0</run_address>
         <size>0x96</size>
         <input_file_ref idref="fl-17"/>
      </object_component>
      <object_component id="oc-879">
         <name>.text:unpack_gyro_data</name>
         <load_address>0x14976</load_address>
         <run_address>0x14976</run_address>
         <size>0x96</size>
         <input_file_ref idref="fl-17"/>
      </object_component>
      <object_component id="oc-915">
         <name>.text:_ecpy</name>
         <load_address>0x14a0c</load_address>
         <run_address>0x14a0c</run_address>
         <size>0x90</size>
         <input_file_ref idref="fl-42"/>
      </object_component>
      <object_component id="oc-91b">
         <name>.text:_mcpy</name>
         <load_address>0x14a9c</load_address>
         <run_address>0x14a9c</run_address>
         <size>0x90</size>
         <input_file_ref idref="fl-42"/>
      </object_component>
      <object_component id="oc-520">
         <name>.text:fputc</name>
         <load_address>0x14b2c</load_address>
         <run_address>0x14b2c</run_address>
         <size>0x90</size>
         <input_file_ref idref="fl-45"/>
      </object_component>
      <object_component id="oc-687">
         <name>.text:bmi160_aux_write</name>
         <load_address>0x14bbc</load_address>
         <run_address>0x14bbc</run_address>
         <size>0x8e</size>
         <input_file_ref idref="fl-17"/>
      </object_component>
      <object_component id="oc-6fc">
         <name>.text:bmi160_config_aux_mode</name>
         <load_address>0x14c4a</load_address>
         <run_address>0x14c4a</run_address>
         <size>0x8c</size>
         <input_file_ref idref="fl-17"/>
      </object_component>
      <object_component id="oc-5b1">
         <name>.text:bmi160_set_fifo_config</name>
         <load_address>0x14cd6</load_address>
         <run_address>0x14cd6</run_address>
         <size>0x8c</size>
         <input_file_ref idref="fl-17"/>
      </object_component>
      <object_component id="oc-420">
         <name>.text:main</name>
         <load_address>0x14d62</load_address>
         <run_address>0x14d62</run_address>
         <size>0x8c</size>
         <input_file_ref idref="fl-2"/>
      </object_component>
      <object_component id="oc-5b7">
         <name>.text:bmi160_get_fifo_data</name>
         <load_address>0x14dee</load_address>
         <run_address>0x14dee</run_address>
         <size>0x86</size>
         <input_file_ref idref="fl-17"/>
      </object_component>
      <object_component id="oc-59d">
         <name>.text:bmm150_set_presetmode</name>
         <load_address>0x14e74</load_address>
         <run_address>0x14e74</run_address>
         <size>0x84</size>
         <input_file_ref idref="fl-18"/>
      </object_component>
      <object_component id="oc-839">
         <name>.text:set_gyro_pwr</name>
         <load_address>0x14ef8</load_address>
         <run_address>0x14ef8</run_address>
         <size>0x82</size>
         <input_file_ref idref="fl-17"/>
      </object_component>
      <object_component id="oc-a11">
         <name>.text:ltoa</name>
         <load_address>0x14f7a</load_address>
         <run_address>0x14f7a</run_address>
         <size>0x80</size>
         <input_file_ref idref="fl-98"/>
      </object_component>
      <object_component id="oc-611">
         <name>.text:__TI_wrt_ok</name>
         <load_address>0x14ffa</load_address>
         <run_address>0x14ffa</run_address>
         <size>0x7e</size>
         <input_file_ref idref="fl-47"/>
      </object_component>
      <object_component id="oc-984">
         <name>.text:process_under_sampling</name>
         <load_address>0x15078</load_address>
         <run_address>0x15078</run_address>
         <size>0x7c</size>
         <input_file_ref idref="fl-17"/>
      </object_component>
      <object_component id="oc-7c7">
         <name>.text:_pconv_f</name>
         <load_address>0x150f4</load_address>
         <run_address>0x150f4</run_address>
         <size>0x78</size>
         <input_file_ref idref="fl-42"/>
      </object_component>
      <object_component id="oc-6d">
         <name>.text:decompress:lzss:__TI_decompress_lzss</name>
         <load_address>0x1516c</load_address>
         <run_address>0x1516c</run_address>
         <size>0x76</size>
         <input_file_ref idref="fl-80"/>
      </object_component>
      <object_component id="oc-9e8">
         <name>.text:HOSTrename</name>
         <load_address>0x151e2</load_address>
         <run_address>0x151e2</run_address>
         <size>0x74</size>
         <input_file_ref idref="fl-b9"/>
      </object_component>
      <object_component id="oc-9b8">
         <name>.text:__TI_closefile</name>
         <load_address>0x15256</load_address>
         <run_address>0x15256</run_address>
         <size>0x74</size>
         <input_file_ref idref="fl-bf"/>
      </object_component>
      <object_component id="oc-5a3">
         <name>.text:bmm150_set_op_mode</name>
         <load_address>0x152ca</load_address>
         <run_address>0x152ca</run_address>
         <size>0x74</size>
         <input_file_ref idref="fl-18"/>
      </object_component>
      <object_component id="oc-a70">
         <name>.text:split</name>
         <load_address>0x1533e</load_address>
         <run_address>0x1533e</run_address>
         <size>0x74</size>
         <input_file_ref idref="fl-9c"/>
      </object_component>
      <object_component id="oc-9c4">
         <name>.text:HOSTopen</name>
         <load_address>0x153b2</load_address>
         <run_address>0x153b2</run_address>
         <size>0x70</size>
         <input_file_ref idref="fl-b7"/>
      </object_component>
      <object_component id="oc-833">
         <name>.text:set_accel_pwr</name>
         <load_address>0x15422</load_address>
         <run_address>0x15422</run_address>
         <size>0x70</size>
         <input_file_ref idref="fl-17"/>
      </object_component>
      <object_component id="oc-584">
         <name>.text:bmi160_init</name>
         <load_address>0x15492</load_address>
         <run_address>0x15492</run_address>
         <size>0x6e</size>
         <input_file_ref idref="fl-17"/>
      </object_component>
      <object_component id="oc-9d6">
         <name>.text:HOSTwrite</name>
         <load_address>0x15500</load_address>
         <run_address>0x15500</run_address>
         <size>0x6c</size>
         <input_file_ref idref="fl-bb"/>
      </object_component>
      <object_component id="oc-9d0">
         <name>.text:HOSTread</name>
         <load_address>0x1556c</load_address>
         <run_address>0x1556c</run_address>
         <size>0x6a</size>
         <input_file_ref idref="fl-b8"/>
      </object_component>
      <object_component id="oc-781">
         <name>.text:fseek</name>
         <load_address>0x155d6</load_address>
         <run_address>0x155d6</run_address>
         <size>0x6a</size>
         <input_file_ref idref="fl-ac"/>
      </object_component>
      <object_component id="oc-a0b">
         <name>.text:__mspabi_fixdli</name>
         <load_address>0x15640</load_address>
         <run_address>0x15640</run_address>
         <size>0x66</size>
         <input_file_ref idref="fl-87"/>
      </object_component>
      <object_component id="oc-61d">
         <name>.text:__TI_doflush</name>
         <load_address>0x156a6</load_address>
         <run_address>0x156a6</run_address>
         <size>0x64</size>
         <input_file_ref idref="fl-aa"/>
      </object_component>
      <object_component id="oc-69a">
         <name>.text:bmi160_soft_reset</name>
         <load_address>0x1570a</load_address>
         <run_address>0x1570a</run_address>
         <size>0x64</size>
         <input_file_ref idref="fl-17"/>
      </object_component>
      <object_component id="oc-62e">
         <name>.text:atoi</name>
         <load_address>0x1576e</load_address>
         <run_address>0x1576e</run_address>
         <size>0x62</size>
         <input_file_ref idref="fl-92"/>
      </object_component>
      <object_component id="oc-591">
         <name>.text:bmm150_init</name>
         <load_address>0x157d0</load_address>
         <run_address>0x157d0</run_address>
         <size>0x60</size>
         <input_file_ref idref="fl-18"/>
      </object_component>
      <object_component id="oc-5a9">
         <name>.text:bmi160_set_aux_auto_mode</name>
         <load_address>0x15830</load_address>
         <run_address>0x15830</run_address>
         <size>0x5e</size>
         <input_file_ref idref="fl-17"/>
      </object_component>
      <object_component id="oc-813">
         <name>.text:config_sec_if</name>
         <load_address>0x1588e</load_address>
         <run_address>0x1588e</run_address>
         <size>0x5e</size>
         <input_file_ref idref="fl-17"/>
      </object_component>
      <object_component id="oc-6a9">
         <name>.text:set_power_control_bit</name>
         <load_address>0x158ec</load_address>
         <run_address>0x158ec</run_address>
         <size>0x5e</size>
         <input_file_ref idref="fl-18"/>
      </object_component>
      <object_component id="oc-ac1">
         <name>.text:__mpyll</name>
         <load_address>0x1594a</load_address>
         <run_address>0x1594a</run_address>
         <size>0x5c</size>
         <input_file_ref idref="fl-74"/>
      </object_component>
      <object_component id="oc-6bd">
         <name>.text:set_accel_conf</name>
         <load_address>0x159a6</load_address>
         <run_address>0x159a6</run_address>
         <size>0x5c</size>
         <input_file_ref idref="fl-17"/>
      </object_component>
      <object_component id="oc-6c3">
         <name>.text:set_gyro_conf</name>
         <load_address>0x15a02</load_address>
         <run_address>0x15a02</run_address>
         <size>0x5c</size>
         <input_file_ref idref="fl-17"/>
      </object_component>
      <object_component id="oc-842">
         <name>.text:set_odr</name>
         <load_address>0x15a5e</load_address>
         <run_address>0x15a5e</run_address>
         <size>0x5c</size>
         <input_file_ref idref="fl-18"/>
      </object_component>
      <object_component id="oc-a77">
         <name>.text:close</name>
         <load_address>0x15aba</load_address>
         <run_address>0x15aba</run_address>
         <size>0x5a</size>
         <input_file_ref idref="fl-c6"/>
      </object_component>
      <object_component id="oc-af0">
         <name>.text:getdevice</name>
         <load_address>0x15b14</load_address>
         <run_address>0x15b14</run_address>
         <size>0x5a</size>
         <input_file_ref idref="fl-c0"/>
      </object_component>
      <object_component id="oc-66f">
         <name>.text:I2CB1_Master_WriteReg</name>
         <load_address>0x15b6e</load_address>
         <run_address>0x15b6e</run_address>
         <size>0x58</size>
         <input_file_ref idref="fl-1b"/>
      </object_component>
      <object_component id="oc-8f6">
         <name>.text</name>
         <load_address>0x15bc6</load_address>
         <run_address>0x15bc6</run_address>
         <size>0x58</size>
         <input_file_ref idref="fl-4f"/>
      </object_component>
      <object_component id="oc-86b">
         <name>.text:unpack_sensortime_frame</name>
         <load_address>0x15c1e</load_address>
         <run_address>0x15c1e</run_address>
         <size>0x58</size>
         <input_file_ref idref="fl-17"/>
      </object_component>
      <object_component id="oc-680">
         <name>.text:bmi160_aux_read</name>
         <load_address>0x15c76</load_address>
         <run_address>0x15c76</run_address>
         <size>0x56</size>
         <input_file_ref idref="fl-17"/>
      </object_component>
      <object_component id="oc-6e9">
         <name>.text:write_op_mode</name>
         <load_address>0x15ccc</load_address>
         <run_address>0x15ccc</run_address>
         <size>0x56</size>
         <input_file_ref idref="fl-18"/>
      </object_component>
      <object_component id="oc-4ef">
         <name>.text:__TI_auto_init_nobinit_nopinit_hold_wdt:__TI_auto_init_nobinit_nopinit_hold_wdt</name>
         <load_address>0x15d22</load_address>
         <run_address>0x15d22</run_address>
         <size>0x54</size>
         <input_file_ref idref="fl-76"/>
      </object_component>
      <object_component id="oc-6cf">
         <name>.text:check_invalid_settg</name>
         <load_address>0x15d76</load_address>
         <run_address>0x15d76</run_address>
         <size>0x54</size>
         <input_file_ref idref="fl-17"/>
      </object_component>
      <object_component id="oc-4be">
         <name>.text:uart_init</name>
         <load_address>0x15dca</load_address>
         <run_address>0x15dca</run_address>
         <size>0x52</size>
         <input_file_ref idref="fl-1f"/>
      </object_component>
      <object_component id="oc-80a">
         <name>.text:default_param_settg</name>
         <load_address>0x15e1c</load_address>
         <run_address>0x15e1c</run_address>
         <size>0x50</size>
         <input_file_ref idref="fl-17"/>
      </object_component>
      <object_component id="oc-9ca">
         <name>.text:HOSTclose</name>
         <load_address>0x15e6c</load_address>
         <run_address>0x15e6c</run_address>
         <size>0x4e</size>
         <input_file_ref idref="fl-b5"/>
      </object_component>
      <object_component id="oc-928">
         <name>.text:_fcpy</name>
         <load_address>0x15eba</load_address>
         <run_address>0x15eba</run_address>
         <size>0x4e</size>
         <input_file_ref idref="fl-42"/>
      </object_component>
      <object_component id="oc-6f6">
         <name>.text:config_aux_odr</name>
         <load_address>0x15f08</load_address>
         <run_address>0x15f08</run_address>
         <size>0x4e</size>
         <input_file_ref idref="fl-17"/>
      </object_component>
      <object_component id="oc-6af">
         <name>.text:bmm150_get_regs</name>
         <load_address>0x15f56</load_address>
         <run_address>0x15f56</run_address>
         <size>0x4a</size>
         <input_file_ref idref="fl-18"/>
      </object_component>
      <object_component id="oc-4d1">
         <name>.text:exit</name>
         <load_address>0x15fa0</load_address>
         <run_address>0x15fa0</run_address>
         <size>0x4a</size>
         <input_file_ref idref="fl-8e"/>
      </object_component>
      <object_component id="oc-40a">
         <name>.text:printf</name>
         <load_address>0x15fea</load_address>
         <run_address>0x15fea</run_address>
         <size>0x4a</size>
         <input_file_ref idref="fl-41"/>
      </object_component>
      <object_component id="oc-81a">
         <name>.text:bmm150_set_regs</name>
         <load_address>0x16034</load_address>
         <run_address>0x16034</run_address>
         <size>0x48</size>
         <input_file_ref idref="fl-18"/>
      </object_component>
      <object_component id="oc-9e2">
         <name>.text:HOSTunlink</name>
         <load_address>0x1607c</load_address>
         <run_address>0x1607c</run_address>
         <size>0x46</size>
         <input_file_ref idref="fl-ba"/>
      </object_component>
      <object_component id="oc-675">
         <name>.text:I2CB1_Master_ReadReg</name>
         <load_address>0x160c2</load_address>
         <run_address>0x160c2</run_address>
         <size>0x44</size>
         <input_file_ref idref="fl-1b"/>
      </object_component>
      <object_component id="oc-b15">
         <name>.text:__mspabi_srall</name>
         <load_address>0x16106</load_address>
         <run_address>0x16106</run_address>
         <size>0x40</size>
         <input_file_ref idref="fl-b2"/>
      </object_component>
      <object_component id="oc-825">
         <name>.text:check_accel_config</name>
         <load_address>0x16146</load_address>
         <run_address>0x16146</run_address>
         <size>0x40</size>
         <input_file_ref idref="fl-17"/>
      </object_component>
      <object_component id="oc-717">
         <name>.text:check_frame_validity</name>
         <load_address>0x16186</load_address>
         <run_address>0x16186</run_address>
         <size>0x40</size>
         <input_file_ref idref="fl-17"/>
      </object_component>
      <object_component id="oc-82c">
         <name>.text:check_gyro_config</name>
         <load_address>0x161c6</load_address>
         <run_address>0x161c6</run_address>
         <size>0x40</size>
         <input_file_ref idref="fl-17"/>
      </object_component>
      <object_component id="oc-7fa">
         <name>.text:map_read_len</name>
         <load_address>0x16206</load_address>
         <run_address>0x16206</run_address>
         <size>0x40</size>
         <input_file_ref idref="fl-17"/>
      </object_component>
      <object_component id="oc-88f">
         <name>.text</name>
         <load_address>0x16246</load_address>
         <run_address>0x16246</run_address>
         <size>0x40</size>
         <input_file_ref idref="fl-4e"/>
      </object_component>
      <object_component id="oc-ace">
         <name>.text:l_asr_const</name>
         <load_address>0x16286</load_address>
         <run_address>0x16286</run_address>
         <size>0x3e</size>
         <input_file_ref idref="fl-af"/>
      </object_component>
      <object_component id="oc-88a">
         <name>.text:l_lsl_const</name>
         <load_address>0x162c4</load_address>
         <run_address>0x162c4</run_address>
         <size>0x3e</size>
         <input_file_ref idref="fl-6c"/>
      </object_component>
      <object_component id="oc-ab1">
         <name>.text:l_lsr_const</name>
         <load_address>0x16302</load_address>
         <run_address>0x16302</run_address>
         <size>0x3e</size>
         <input_file_ref idref="fl-b1"/>
      </object_component>
      <object_component id="oc-8af">
         <name>.text:lseek</name>
         <load_address>0x16340</load_address>
         <run_address>0x16340</run_address>
         <size>0x3e</size>
         <input_file_ref idref="fl-be"/>
      </object_component>
      <object_component id="oc-565">
         <name>.text:IMU_I2C_bus_read</name>
         <load_address>0x1637e</load_address>
         <run_address>0x1637e</run_address>
         <size>0x3c</size>
         <input_file_ref idref="fl-d"/>
      </object_component>
      <object_component id="oc-623">
         <name>.text:write</name>
         <load_address>0x163ba</load_address>
         <run_address>0x163ba</run_address>
         <size>0x3c</size>
         <input_file_ref idref="fl-a7"/>
      </object_component>
      <object_component id="oc-9f4">
         <name>.text:__mspabi_sllll</name>
         <load_address>0x163f6</load_address>
         <run_address>0x163f6</run_address>
         <size>0x3a</size>
         <input_file_ref idref="fl-b3"/>
      </object_component>
      <object_component id="oc-900">
         <name>.text:__mspabi_srlll</name>
         <load_address>0x16430</load_address>
         <run_address>0x16430</run_address>
         <size>0x3a</size>
         <input_file_ref idref="fl-7b"/>
      </object_component>
      <object_component id="oc-597">
         <name>.text:bmi160_set_sens_conf</name>
         <load_address>0x1646a</load_address>
         <run_address>0x1646a</run_address>
         <size>0x3a</size>
         <input_file_ref idref="fl-17"/>
      </object_component>
      <object_component id="oc-694">
         <name>.text:bmi160_get_regs</name>
         <load_address>0x164a4</load_address>
         <run_address>0x164a4</run_address>
         <size>0x38</size>
         <input_file_ref idref="fl-17"/>
      </object_component>
      <object_component id="oc-8c3">
         <name>.text:__TI_cleanup</name>
         <load_address>0x164dc</load_address>
         <run_address>0x164dc</run_address>
         <size>0x36</size>
         <input_file_ref idref="fl-ab"/>
      </object_component>
      <object_component id="oc-a8b">
         <name>.text:__TI_writemsg</name>
         <load_address>0x16512</load_address>
         <run_address>0x16512</run_address>
         <size>0x36</size>
         <input_file_ref idref="fl-bc"/>
      </object_component>
      <object_component id="oc-6e3">
         <name>.text:suspend_to_sleep_mode</name>
         <load_address>0x16548</load_address>
         <run_address>0x16548</run_address>
         <size>0x34</size>
         <input_file_ref idref="fl-18"/>
      </object_component>
      <object_component id="oc-a91">
         <name>.text:__TI_readmsg</name>
         <load_address>0x1657c</load_address>
         <run_address>0x1657c</run_address>
         <size>0x32</size>
         <input_file_ref idref="fl-bc"/>
      </object_component>
      <object_component id="oc-a1d">
         <name>.text:__mspabi_subd</name>
         <load_address>0x165ae</load_address>
         <run_address>0x165ae</run_address>
         <size>0x32</size>
         <input_file_ref idref="fl-8d"/>
      </object_component>
      <object_component id="oc-964">
         <name>.text:process_accel_bw</name>
         <load_address>0x165e0</load_address>
         <run_address>0x165e0</run_address>
         <size>0x32</size>
         <input_file_ref idref="fl-17"/>
      </object_component>
      <object_component id="oc-b29">
         <name>.text:strncpy</name>
         <load_address>0x16612</load_address>
         <run_address>0x16612</run_address>
         <size>0x32</size>
         <input_file_ref idref="fl-a1"/>
      </object_component>
      <object_component id="oc-70a">
         <name>.text:get_fifo_byte_counter</name>
         <load_address>0x16644</load_address>
         <run_address>0x16644</run_address>
         <size>0x30</size>
[...]
         <name>__mspabi_slll_1</name>
         <value>0x162fc</value>
         <object_component_ref idref="oc-88a"/>
      </symbol>
      <symbol id="sm-b1f">
         <name>__mspabi_slll_15</name>
         <value>0x162c4</value>
         <object_component_ref idref="oc-88a"/>
      </symbol>
      <symbol id="sm-b20">
         <name>__mspabi_slll_14</name>
         <value>0x162c8</value>
         <object_component_ref idref="oc-88a"/>
      </symbol>
      <symbol id="sm-b21">
         <name>__mspabi_slll_13</name>
         <value>0x162cc</value>
         <object_component_ref idref="oc-88a"/>
      </symbol>
      <symbol id="sm-b22">
         <name>__mspabi_slll_12</name>
         <value>0x162d0</value>
         <object_component_ref idref="oc-88a"/>
      </symbol>
      <symbol id="sm-b23">
         <name>__mspabi_slll_11</name>
         <value>0x162d4</value>
         <object_component_ref idref="oc-88a"/>
      </symbol>
      <symbol id="sm-b24">
         <name>__mspabi_slll_10</name>
         <value>0x162d8</value>
         <object_component_ref idref="oc-88a"/>
      </symbol>
      <symbol id="sm-b2d">
         <name>__mspabi_mpyi_f5hw</name>
         <value>0x16b8e</value>
         <object_component_ref idref="oc-5d8"/>
      </symbol>
      <symbol id="sm-b36">
         <name>__mspabi_mpysl_f5hw</name>
         <value>0x16b3a</value>
         <object_component_ref idref="oc-894"/>
      </symbol>
      <symbol id="sm-b3f">
         <name>__mspabi_mpyl_f5hw</name>
         <value>0x16a58</value>
         <object_component_ref idref="oc-899"/>
      </symbol>
      <symbol id="sm-b47">
         <name>__mspabi_mpyull_f5hw</name>
         <value>0x1681e</value>
         <object_component_ref idref="oc-ac6"/>
      </symbol>
      <symbol id="sm-b4f">
         <name>__mspabi_mpyll_f5hw</name>
         <value>0x1594a</value>
         <object_component_ref idref="oc-ac1"/>
      </symbol>
      <symbol id="sm-b5f">
         <name>_stack</name>
         <value>0x4360</value>
         <object_component_ref idref="oc-36b"/>
      </symbol>
      <symbol id="sm-b60">
         <name>_c_int00_noargs</name>
         <value>0x454a</value>
         <object_component_ref idref="oc-3b3"/>
      </symbol>
      <symbol id="sm-b61">
         <name>_reset_vector</name>
         <value>0xfffe</value>
         <object_component_ref idref="oc-36e"/>
      </symbol>
      <symbol id="sm-b84">
         <name>__TI_auto_init_nobinit_nopinit_hold_wdt</name>
         <value>0x15d22</value>
         <object_component_ref idref="oc-4ef"/>
      </symbol>
      <symbol id="sm-b97">
         <name>__TI_zero_init</name>
         <value>0x16a10</value>
         <object_component_ref idref="oc-3a7"/>
      </symbol>
      <symbol id="sm-ba6">
         <name>__TI_dtors_ptr</name>
         <value>0x29f0</value>
         <object_component_ref idref="oc-5e3"/>
      </symbol>
      <symbol id="sm-ba7">
         <name>__TI_cleanup_ptr</name>
         <value>0x29ec</value>
         <object_component_ref idref="oc-5e6"/>
      </symbol>
      <symbol id="sm-bb6">
         <name>__mspabi_srlll</name>
         <value>0x16430</value>
         <object_component_ref idref="oc-900"/>
      </symbol>
      <symbol id="sm-be9">
         <name>__mspabi_divull</name>
         <value>0x10b90</value>
         <object_component_ref idref="oc-8f0"/>
      </symbol>
      <symbol id="sm-bf2">
         <name>_system_pre_init</name>
         <value>0x16cf2</value>
         <object_component_ref idref="oc-41a"/>
      </symbol>
      <symbol id="sm-bfb">
         <name>_system_post_cinit</name>
         <value>0x16cf8</value>
         <object_component_ref idref="oc-5eb"/>
      </symbol>
      <symbol id="sm-c0c">
         <name>__TI_decompress_none</name>
         <value>0x16c3e</value>
         <object_component_ref idref="oc-73"/>
      </symbol>
      <symbol id="sm-c2f">
         <name>__TI_decompress_lzss</name>
         <value>0x1516c</value>
         <object_component_ref idref="oc-6d"/>
      </symbol>
      <symbol id="sm-c6a">
         <name>__mspabi_addd</name>
         <value>0x10000</value>
         <object_component_ref idref="oc-ab8"/>
      </symbol>
      <symbol id="sm-c89">
         <name>__mspabi_cmpd</name>
         <value>0x13d84</value>
         <object_component_ref idref="oc-7d9"/>
      </symbol>
      <symbol id="sm-cab">
         <name>__mspabi_divd</name>
         <value>0x11b22</value>
         <object_component_ref idref="oc-935"/>
      </symbol>
      <symbol id="sm-cb8">
         <name>__mspabi_fixdi</name>
         <value>0x16950</value>
         <object_component_ref idref="oc-a23"/>
      </symbol>
      <symbol id="sm-cc7">
         <name>__mspabi_fixdli</name>
         <value>0x15640</value>
         <object_component_ref idref="oc-a0b"/>
      </symbol>
      <symbol id="sm-cd0">
         <name>__mspabi_fltid</name>
         <value>0x16cb2</value>
         <object_component_ref idref="oc-a57"/>
      </symbol>
      <symbol id="sm-ce8">
         <name>__mspabi_fltlid</name>
         <value>0x1453e</value>
         <object_component_ref idref="oc-a17"/>
      </symbol>
      <symbol id="sm-d03">
         <name>__TI_frcdivd</name>
         <value>0x1072a</value>
         <object_component_ref idref="oc-a3c"/>
      </symbol>
      <symbol id="sm-d29">
         <name>__mspabi_mpyd</name>
         <value>0x11184</value>
         <object_component_ref idref="oc-92f"/>
      </symbol>
      <symbol id="sm-d32">
         <name>__mspabi_negd</name>
         <value>0x16794</value>
         <object_component_ref idref="oc-7bb"/>
      </symbol>
      <symbol id="sm-d3b">
         <name>__mspabi_subd</name>
         <value>0x165ae</value>
         <object_component_ref idref="oc-a1d"/>
      </symbol>
      <symbol id="sm-d58">
         <name>C$$EXIT</name>
         <value>0x16ce8</value>
         <object_component_ref idref="oc-4cb"/>
      </symbol>
      <symbol id="sm-d59">
         <name>abort</name>
         <value>0x16ce8</value>
         <object_component_ref idref="oc-4cb"/>
      </symbol>
      <symbol id="sm-d5a">
         <name>__TI_enable_exit_profile_output</name>
         <value>0x2a04</value>
         <object_component_ref idref="oc-5e0"/>
      </symbol>
      <symbol id="sm-d5b">
         <name>exit</name>
         <value>0x15fa0</value>
         <object_component_ref idref="oc-4d1"/>
      </symbol>
      <symbol id="sm-d71">
         <name>_nop</name>
         <value>0x16cf6</value>
         <object_component_ref idref="oc-50c"/>
      </symbol>
      <symbol id="sm-d72">
         <name>_lock</name>
         <value>0x29f4</value>
         <object_component_ref idref="oc-48e"/>
      </symbol>
      <symbol id="sm-d73">
         <name>_unlock</name>
         <value>0x29f8</value>
         <object_component_ref idref="oc-4a6"/>
      </symbol>
      <symbol id="sm-d88">
         <name>atoi</name>
         <value>0x1576e</value>
         <object_component_ref idref="oc-62e"/>
      </symbol>
      <symbol id="sm-d92">
         <name>_ctypes_</name>
         <value>0x456e</value>
         <object_component_ref idref="oc-79c"/>
      </symbol>
      <symbol id="sm-da2">
         <name>__TI_tmpnams</name>
         <value>0x25c2</value>
      </symbol>
      <symbol id="sm-da3">
         <name>_ftable</name>
         <value>0x2840</value>
         <object_component_ref idref="oc-491"/>
      </symbol>
      <symbol id="sm-da4">
         <name>__TI_ft_end</name>
         <value>0x2a00</value>
         <object_component_ref idref="oc-9be"/>
      </symbol>
      <symbol id="sm-db6">
         <name>ltoa</name>
         <value>0x14f7a</value>
         <object_component_ref idref="oc-a11"/>
      </symbol>
      <symbol id="sm-dc5">
         <name>memccpy</name>
         <value>0x16b00</value>
         <object_component_ref idref="oc-648"/>
      </symbol>
      <symbol id="sm-dd4">
         <name>memchr</name>
         <value>0x16bd2</value>
         <object_component_ref idref="oc-617"/>
      </symbol>
      <symbol id="sm-de2">
         <name>memcpy</name>
         <value>0x16c2a</value>
         <object_component_ref idref="oc-37d"/>
      </symbol>
      <symbol id="sm-e69">
         <name>_sys_memory</name>
         <value>0x2b28</value>
         <object_component_ref idref="oc-36f"/>
      </symbol>
      <symbol id="sm-e6a">
         <name>free</name>
         <value>0x13bc4</value>
         <object_component_ref idref="oc-8b7"/>
      </symbol>
      <symbol id="sm-e6b">
         <name>memalign</name>
         <value>0x1305e</value>
         <object_component_ref idref="oc-9b1"/>
      </symbol>
      <symbol id="sm-e6c">
         <name>malloc</name>
         <value>0x16cda</value>
         <object_component_ref idref="oc-8bd"/>
      </symbol>
      <symbol id="sm-e6d">
         <name>aligned_alloc</name>
         <value>0x1305e</value>
         <object_component_ref idref="oc-9b1"/>
      </symbol>
      <symbol id="sm-e7b">
         <name>memset</name>
         <value>0x16be8</value>
         <object_component_ref idref="oc-635"/>
      </symbol>
      <symbol id="sm-e8a">
         <name>strchr</name>
         <value>0x16b56</value>
         <object_component_ref idref="oc-a51"/>
      </symbol>
      <symbol id="sm-e97">
         <name>strlen</name>
         <value>0x16ca4</value>
         <object_component_ref idref="oc-527"/>
      </symbol>
      <symbol id="sm-ea8">
         <name>strncpy</name>
         <value>0x16612</value>
         <object_component_ref idref="oc-b29"/>
      </symbol>
      <symbol id="sm-eb7">
         <name>toupper</name>
         <value>0x16c62</value>
         <object_component_ref idref="oc-7b5"/>
      </symbol>
      <symbol id="sm-ebe">
         <name>errno</name>
         <value>0x2a02</value>
         <object_component_ref idref="oc-656"/>
      </symbol>
      <symbol id="sm-ec8">
         <name>abs</name>
         <value>0x16cbe</value>
         <object_component_ref idref="oc-a2a"/>
      </symbol>
      <symbol id="sm-ee0">
         <name>write</name>
         <value>0x163ba</value>
         <object_component_ref idref="oc-623"/>
      </symbol>
      <symbol id="sm-eef">
         <name>_stream</name>
         <value>0x2980</value>
         <object_component_ref idref="oc-793"/>
      </symbol>
      <symbol id="sm-ef0">
         <name>_device</name>
         <value>0x2908</value>
         <object_component_ref idref="oc-8d6"/>
      </symbol>
      <symbol id="sm-f02">
         <name>__TI_doflush</name>
         <value>0x156a6</value>
         <object_component_ref idref="oc-61d"/>
      </symbol>
      <symbol id="sm-f0e">
         <name>__TI_cleanup</name>
         <value>0x164dc</value>
         <object_component_ref idref="oc-8c3"/>
      </symbol>
      <symbol id="sm-f1e">
         <name>fseek</name>
         <value>0x155d6</value>
         <object_component_ref idref="oc-781"/>
      </symbol>
      <symbol id="sm-f27">
         <name>copysign</name>
         <value>0x167c2</value>
         <object_component_ref idref="oc-ade"/>
      </symbol>
      <symbol id="sm-f28">
         <name>copysignl</name>
         <value>0x167c2</value>
         <object_component_ref idref="oc-ade"/>
      </symbol>
      <symbol id="sm-f31">
         <name>__mspabi_sral_15</name>
         <value>0x16286</value>
         <object_component_ref idref="oc-ace"/>
      </symbol>
      <symbol id="sm-f32">
         <name>__mspabi_sral_14</name>
         <value>0x1628a</value>
         <object_component_ref idref="oc-ace"/>
      </symbol>
      <symbol id="sm-f33">
         <name>__mspabi_sral_13</name>
         <value>0x1628e</value>
         <object_component_ref idref="oc-ace"/>
      </symbol>
      <symbol id="sm-f34">
         <name>__mspabi_sral_12</name>
         <value>0x16292</value>
         <object_component_ref idref="oc-ace"/>
      </symbol>
      <symbol id="sm-f35">
         <name>__mspabi_sral_11</name>
         <value>0x16296</value>
         <object_component_ref idref="oc-ace"/>
      </symbol>
      <symbol id="sm-f36">
         <name>__mspabi_sral_10</name>
         <value>0x1629a</value>
         <object_component_ref idref="oc-ace"/>
      </symbol>
      <symbol id="sm-f37">
         <name>__mspabi_sral_8</name>
         <value>0x162a2</value>
         <object_component_ref idref="oc-ace"/>
      </symbol>
      <symbol id="sm-f38">
         <name>__mspabi_sral_9</name>
         <value>0x1629e</value>
         <object_component_ref idref="oc-ace"/>
      </symbol>
      <symbol id="sm-f39">
         <name>__mspabi_sral_6</name>
         <value>0x162aa</value>
         <object_component_ref idref="oc-ace"/>
      </symbol>
      <symbol id="sm-f3a">
         <name>__mspabi_sral_7</name>
         <value>0x162a6</value>
         <object_component_ref idref="oc-ace"/>
      </symbol>
      <symbol id="sm-f3b">
         <name>__mspabi_sral_4</name>
         <value>0x162b2</value>
         <object_component_ref idref="oc-ace"/>
      </symbol>
      <symbol id="sm-f3c">
         <name>__mspabi_sral_5</name>
         <value>0x162ae</value>
         <object_component_ref idref="oc-ace"/>
      </symbol>
      <symbol id="sm-f3d">
         <name>__mspabi_sral_2</name>
         <value>0x162ba</value>
         <object_component_ref idref="oc-ace"/>
      </symbol>
      <symbol id="sm-f3e">
         <name>__mspabi_sral_3</name>
         <value>0x162b6</value>
         <object_component_ref idref="oc-ace"/>
      </symbol>
      <symbol id="sm-f3f">
         <name>__mspabi_sral_1</name>
         <value>0x162be</value>
         <object_component_ref idref="oc-ace"/>
      </symbol>
      <symbol id="sm-f50">
         <name>__mspabi_srll_8</name>
         <value>0x1631e</value>
         <object_component_ref idref="oc-ab1"/>
      </symbol>
      <symbol id="sm-f51">
         <name>__mspabi_srll_9</name>
         <value>0x1631a</value>
         <object_component_ref idref="oc-ab1"/>
      </symbol>
      <symbol id="sm-f52">
         <name>__mspabi_srll_6</name>
         <value>0x16326</value>
         <object_component_ref idref="oc-ab1"/>
      </symbol>
      <symbol id="sm-f53">
         <name>__mspabi_srll_7</name>
         <value>0x16322</value>
         <object_component_ref idref="oc-ab1"/>
      </symbol>
      <symbol id="sm-f54">
         <name>__mspabi_srll_4</name>
         <value>0x1632e</value>
         <object_component_ref idref="oc-ab1"/>
      </symbol>
      <symbol id="sm-f55">
         <name>__mspabi_srll_5</name>
         <value>0x1632a</value>
         <object_component_ref idref="oc-ab1"/>
      </symbol>
      <symbol id="sm-f56">
         <name>__mspabi_srll_2</name>
         <value>0x16336</value>
         <object_component_ref idref="oc-ab1"/>
      </symbol>
      <symbol id="sm-f57">
         <name>__mspabi_srll_3</name>
         <value>0x16332</value>
         <object_component_ref idref="oc-ab1"/>
      </symbol>
      <symbol id="sm-f58">
         <name>__mspabi_srll_1</name>
         <value>0x1633a</value>
         <object_component_ref idref="oc-ab1"/>
      </symbol>
      <symbol id="sm-f59">
         <name>__mspabi_srll_15</name>
         <value>0x16302</value>
         <object_component_ref idref="oc-ab1"/>
      </symbol>
      <symbol id="sm-f5a">
         <name>__mspabi_srll_14</name>
         <value>0x16306</value>
         <object_component_ref idref="oc-ab1"/>
      </symbol>
      <symbol id="sm-f5b">
         <name>__mspabi_srll_13</name>
         <value>0x1630a</value>
         <object_component_ref idref="oc-ab1"/>
      </symbol>
      <symbol id="sm-f5c">
         <name>__mspabi_srll_12</name>
         <value>0x1630e</value>
         <object_component_ref idref="oc-ab1"/>
      </symbol>
      <symbol id="sm-f5d">
         <name>__mspabi_srll_11</name>
         <value>0x16312</value>
         <object_component_ref idref="oc-ab1"/>
      </symbol>
      <symbol id="sm-f5e">
         <name>__mspabi_srll_10</name>
         <value>0x16316</value>
         <object_component_ref idref="oc-ab1"/>
      </symbol>
      <symbol id="sm-f5f">
         <name>__mspabi_srll</name>
         <value>0x16c94</value>
         <object_component_ref idref="oc-9fa"/>
      </symbol>
      <symbol id="sm-f6c">
         <name>__mspabi_srall</name>
         <value>0x16106</value>
         <object_component_ref idref="oc-b15"/>
      </symbol>
      <symbol id="sm-f79">
         <name>__mspabi_sllll</name>
         <value>0x163f6</value>
         <object_component_ref idref="oc-9f4"/>
      </symbol>
      <symbol id="sm-f84">
         <name>__TI_frcmpyd</name>
         <value>0x12afe</value>
         <object_component_ref idref="oc-a34"/>
      </symbol>
      <symbol id="sm-f90">
         <name>HOSTclose</name>
         <value>0x15e6c</value>
         <object_component_ref idref="oc-9ca"/>
      </symbol>
      <symbol id="sm-f9c">
         <name>HOSTlseek</name>
         <value>0x147b0</value>
         <object_component_ref idref="oc-9dc"/>
      </symbol>
      <symbol id="sm-faa">
         <name>parmbuf</name>
         <value>0x2828</value>
      </symbol>
      <symbol id="sm-fab">
         <name>HOSTopen</name>
         <value>0x153b2</value>
         <object_component_ref idref="oc-9c4"/>
      </symbol>
      <symbol id="sm-fb8">
         <name>HOSTread</name>
         <value>0x1556c</value>
         <object_component_ref idref="oc-9d0"/>
      </symbol>
      <symbol id="sm-fc4">
         <name>HOSTrename</name>
         <value>0x151e2</value>
         <object_component_ref idref="oc-9e8"/>
      </symbol>
      <symbol id="sm-fd0">
         <name>HOSTunlink</name>
         <value>0x1607c</value>
         <object_component_ref idref="oc-9e2"/>
      </symbol>
      <symbol id="sm-fdd">
         <name>HOSTwrite</name>
         <value>0x15500</value>
         <object_component_ref idref="oc-9d6"/>
      </symbol>
      <symbol id="sm-ffb">
         <name>__TI_readmsg</name>
         <value>0x1657c</value>
         <object_component_ref idref="oc-a91"/>
      </symbol>
      <symbol id="sm-ffc">
         <name>C$$IO$$</name>
         <value>0x16544</value>
         <object_component_ref idref="oc-a8b"/>
      </symbol>
      <symbol id="sm-ffd">
         <name>_CIOBUF_</name>
         <value>0x2a08</value>
         <object_component_ref idref="oc-afc"/>
      </symbol>
      <symbol id="sm-ffe">
         <name>__TI_writemsg</name>
         <value>0x16512</value>
         <object_component_ref idref="oc-a8b"/>
      </symbol>
      <symbol id="sm-100d">
         <name>lseek</name>
         <value>0x16340</value>
         <object_component_ref idref="oc-8af"/>
      </symbol>
      <symbol id="sm-101e">
         <name>__TI_closefile</name>
         <value>0x15256</value>
         <object_component_ref idref="oc-9b8"/>
      </symbol>
      <symbol id="sm-103d">
         <name>finddevice</name>
         <value>0x167f0</value>
         <object_component_ref idref="oc-b2f"/>
      </symbol>
      <symbol id="sm-103e">
         <name>getdevice</name>
         <value>0x15b14</value>
         <object_component_ref idref="oc-af0"/>
      </symbol>
      <symbol id="sm-104e">
         <name>strcmp</name>
         <value>0x16b72</value>
         <object_component_ref idref="oc-b49"/>
      </symbol>
      <symbol id="sm-105b">
         <name>strcpy</name>
         <value>0x16c50</value>
         <object_component_ref idref="oc-aa2"/>
      </symbol>
      <symbol id="sm-106e">
         <name>close</name>
         <value>0x15aba</value>
         <object_component_ref idref="oc-a77"/>
      </symbol>
      <symbol id="sm-107a">
         <name>unlink</name>
         <value>0x16734</value>
         <object_component_ref idref="oc-a7e"/>
      </symbol>
      <symbol id="sm-107c">
         <name>remove</name>
         <value>0x16734</value>
      </symbol>
   </symbol_table>
   <title>Link errors: red sections failed placement</title>
</link_info>
